
 Start         Length     Name                   Class
 0001:00000000 000DA884H .text                   CODE
 0002:00000000 0000201CH .data                   DATA
 0002:0000201C 00000DB5H .bss                    BSS


Detailed map of segments

 0001:00000000 00005C3F C=CODE     S=.text    G=(none)   M=System   ACBP=A9
 0001:00005C40 00000140 C=CODE     S=.text    G=(none)   M=SysInit  ACBP=A9
 0001:00005D80 00000078 C=CODE     S=.text    G=(none)   M=Types    ACBP=A9
 0001:00005DF8 00000CE8 C=CODE     S=.text    G=(none)   M=Windows  ACBP=A9
 0001:00006AE0 00000038 C=CODE     S=.text    G=(none)   M=Messages ACBP=A9
 0001:00006B18 00000390 C=CODE     S=.text    G=(none)   M=SysConst ACBP=A9
 0001:00006EA8 00007024 C=CODE     S=.text    G=(none)   M=SysUtils ACBP=A9
 0001:0000DECC 00000194 C=CODE     S=.text    G=(none)   M=VarUtils ACBP=A9
 0001:0000E060 0000946C C=CODE     S=.text    G=(none)   M=Variants ACBP=A9
 0001:000174CC 00000178 C=CODE     S=.text    G=(none)   M=RTLConsts ACBP=A9
 0001:00017644 00001944 C=CODE     S=.text    G=(none)   M=TypInfo  ACBP=A9
 0001:00018F88 000000FC C=CODE     S=.text    G=(none)   M=ActiveX  ACBP=A9
 0001:00019084 0000BF82 C=CODE     S=.text    G=(none)   M=Classes  ACBP=A9
 0001:00025008 00000328 C=CODE     S=.text    G=(none)   M=Consts   ACBP=A9
 0001:00025330 00009047 C=CODE     S=.text    G=(none)   M=Graphics ACBP=A9
 0001:0002E378 00000048 C=CODE     S=.text    G=(none)   M=Math     ACBP=A9
 0001:0002E3C0 000002B8 C=CODE     S=.text    G=(none)   M=Contnrs  ACBP=A9
 0001:0002E678 0000024C C=CODE     S=.text    G=(none)   M=CommCtrl ACBP=A9
 0001:0002E8C4 00000787 C=CODE     S=.text    G=(none)   M=MultiMon ACBP=A9
 0001:0002F04C 00000038 C=CODE     S=.text    G=(none)   M=Imm      ACBP=A9
 0001:0002F084 00001098 C=CODE     S=.text    G=(none)   M=HelpIntfs ACBP=A9
 0001:0003011C 00000058 C=CODE     S=.text    G=(none)   M=WinSpool ACBP=A9
 0001:00030174 00000F7C C=CODE     S=.text    G=(none)   M=Printers ACBP=A9
 0001:000310F0 0000031F C=CODE     S=.text    G=(none)   M=FlatSB   ACBP=A9
 0001:00031410 00003CD8 C=CODE     S=.text    G=(none)   M=StdCtrls ACBP=A9
 0001:000350E8 00000038 C=CODE     S=.text    G=(none)   M=ShellAPI ACBP=A9
 0001:00035120 00000038 C=CODE     S=.text    G=(none)   M=RegStr   ACBP=A9
 0001:00035158 00000038 C=CODE     S=.text    G=(none)   M=WinInet  ACBP=A9
 0001:00035190 00000038 C=CODE     S=.text    G=(none)   M=UrlMon   ACBP=A9
 0001:000351C8 00000040 C=CODE     S=.text    G=(none)   M=ShlObj   ACBP=A9
 0001:00035208 00000048 C=CODE     S=.text    G=(none)   M=CommDlg  ACBP=A9
 0001:00035250 0000275C C=CODE     S=.text    G=(none)   M=ExtCtrls ACBP=A9
 0001:000379AC 00000038 C=CODE     S=.text    G=(none)   M=Dlgs     ACBP=A9
 0001:000379E4 000023C9 C=CODE     S=.text    G=(none)   M=Dialogs  ACBP=A9
 0001:00039DB0 00000668 C=CODE     S=.text    G=(none)   M=Clipbrd  ACBP=A9
 0001:0003A418 00000038 C=CODE     S=.text    G=(none)   M=StrUtils ACBP=A9
 0001:0003A450 00000168 C=CODE     S=.text    G=(none)   M=StdActns ACBP=A9
 0001:0003A5B8 00000CC4 C=CODE     S=.text    G=(none)   M=WinHelpViewer ACBP=A9
 0001:0003B27C 00010A57 C=CODE     S=.text    G=(none)   M=Controls ACBP=A9
 0001:0004BCD4 00001282 C=CODE     S=.text    G=(none)   M=ActnList ACBP=A9
 0001:0004CF58 00001AC0 C=CODE     S=.text    G=(none)   M=ImgList  ACBP=A9
 0001:0004EA18 000064CD C=CODE     S=.text    G=(none)   M=Menus    ACBP=A9
 0001:00054EE8 0000CC84 C=CODE     S=.text    G=(none)   M=Forms    ACBP=A9
 0001:00061B6C 00004AD0 C=CODE     S=.text    G=(none)   M=TeCanvas ACBP=A9
 0001:0006663C 00000210 C=CODE     S=.text    G=(none)   M=TeeConst ACBP=A9
 0001:0006684C 00002F78 C=CODE     S=.text    G=(none)   M=TeeProcs ACBP=A9
 0001:000697C4 0000C0B4 C=CODE     S=.text    G=(none)   M=TeEngine ACBP=A9
 0001:00075878 00000C34 C=CODE     S=.text    G=(none)   M=TeeFunci ACBP=A9
 0001:000764AC 00005A70 C=CODE     S=.text    G=(none)   M=Chart    ACBP=A9
 0001:0007BF1C 00000038 C=CODE     S=.text    G=(none)   M=RichEdit ACBP=A9
 0001:0007BF54 00000ACC C=CODE     S=.text    G=(none)   M=ToolWin  ACBP=A9
 0001:0007CA20 000000B8 C=CODE     S=.text    G=(none)   M=ComStrs  ACBP=A9
 0001:0007CAD8 000032F1 C=CODE     S=.text    G=(none)   M=Buttons  ACBP=A9
 0001:0007FDCC 00000038 C=CODE     S=.text    G=(none)   M=ExtDlgs  ACBP=A9
 0001:0007FE04 00000068 C=CODE     S=.text    G=(none)   M=IniFiles ACBP=A9
 0001:0007FE6C 00000524 C=CODE     S=.text    G=(none)   M=Registry ACBP=A9
 0001:00080390 0000006C C=CODE     S=.text    G=(none)   M=Mapi     ACBP=A9
 0001:000803FC 00000058 C=CODE     S=.text    G=(none)   M=ExtActns ACBP=A9
 0001:00080454 00000038 C=CODE     S=.text    G=(none)   M=ListActns ACBP=A9
 0001:0008048C 0000C5EC C=CODE     S=.text    G=(none)   M=ComCtrls ACBP=A9
 0001:0008CA78 00008D59 C=CODE     S=.text    G=(none)   M=Series   ACBP=A9
 0001:000957D4 00000060 C=CODE     S=.text    G=(none)   M=ComConst ACBP=A9
 0001:00095834 00001059 C=CODE     S=.text    G=(none)   M=ComObj   ACBP=A9
 0001:00096890 00000040 C=CODE     S=.text    G=(none)   M=OleConst ACBP=A9
 0001:000968D0 0000084A C=CODE     S=.text    G=(none)   M=OleServer ACBP=A9
 0001:0009711C 00000038 C=CODE     S=.text    G=(none)   M=StdVCL   ACBP=A9
 0001:00097154 00000320 C=CODE     S=.text    G=(none)   M=biocalc_TLB ACBP=A9
 0001:00097474 00000A4C C=CODE     S=.text    G=(none)   M=MaskUtils ACBP=A9
 0001:00097EC0 00002104 C=CODE     S=.text    G=(none)   M=Mask     ACBP=A9
 0001:00099FC4 000091A4 C=CODE     S=.text    G=(none)   M=Grids    ACBP=A9
 0001:000A3168 00000070 C=CODE     S=.text    G=(none)   M=DateUtils ACBP=A9
 0001:000A31D8 000001B0 C=CODE     S=.text    G=(none)   M=DBConsts ACBP=A9
 0001:000A3388 00000F3F C=CODE     S=.text    G=(none)   M=SqlTimSt ACBP=A9
 0001:000A42C8 00004AB3 C=CODE     S=.text    G=(none)   M=FMTBcd   ACBP=A9
 0001:000A8D7C 00014918 C=CODE     S=.text    G=(none)   M=DB       ACBP=A9
 0001:000BD694 000000A8 C=CODE     S=.text    G=(none)   M=VDBConsts ACBP=A9
 0001:000BD73C 00000706 C=CODE     S=.text    G=(none)   M=DBLogDlg ACBP=A9
 0001:000BDE44 0000052D C=CODE     S=.text    G=(none)   M=DBPWDlg  ACBP=A9
 0001:000BE374 00007C68 C=CODE     S=.text    G=(none)   M=DBCtrls  ACBP=A9
 0001:000C5FDC 000000C4 C=CODE     S=.text    G=(none)   M=OleDB    ACBP=A9
 0001:000C60A0 00000224 C=CODE     S=.text    G=(none)   M=ADOInt   ACBP=A9
 0001:000C62C4 000009CC C=CODE     S=.text    G=(none)   M=DBCommon ACBP=A9
 0001:000C6C90 00000160 C=CODE     S=.text    G=(none)   M=Mtx      ACBP=A9
 0001:000C6DF0 000000A0 C=CODE     S=.text    G=(none)   M=ADOConst ACBP=A9
 0001:000C6E90 000106DA C=CODE     S=.text    G=(none)   M=ADODB    ACBP=A9
 0001:000D756C 000003D4 C=CODE     S=.text    G=(none)   M=inheritedregistry ACBP=A9
 0001:000D7940 000007C4 C=CODE     S=.text    G=(none)   M=DBConfig ACBP=A9
 0001:000D8104 0000035C C=CODE     S=.text    G=(none)   M=dbmaint  ACBP=A9
 0001:000D8460 000020DC C=CODE     S=.text    G=(none)   M=compatbiochart ACBP=A9
 0001:000DA53C 00000345 C=CODE     S=.text    G=(none)   M=compatbio ACBP=A9
 0002:00000000 00000090 C=DATA     S=.data    G=DGROUP   M=System   ACBP=A9
 0002:00000090 00000018 C=DATA     S=.data    G=DGROUP   M=SysInit  ACBP=A9
 0002:000000A8 00000294 C=DATA     S=.data    G=DGROUP   M=SysUtils ACBP=A9
 0002:0000033C 00000108 C=DATA     S=.data    G=DGROUP   M=VarUtils ACBP=A9
 0002:00000444 00000176 C=DATA     S=.data    G=DGROUP   M=Variants ACBP=A9
 0002:000005BC 0000000C C=DATA     S=.data    G=DGROUP   M=TypInfo  ACBP=A9
 0002:000005C8 00000010 C=DATA     S=.data    G=DGROUP   M=ActiveX  ACBP=A9
 0002:000005D8 00000064 C=DATA     S=.data    G=DGROUP   M=Classes  ACBP=A9
 0002:0000063C 00000304 C=DATA     S=.data    G=DGROUP   M=Graphics ACBP=A9
 0002:00000940 00000004 C=DATA     S=.data    G=DGROUP   M=Printers ACBP=A9
 0002:00000944 0000004C C=DATA     S=.data    G=DGROUP   M=StdCtrls ACBP=A9
 0002:00000990 00000014 C=DATA     S=.data    G=DGROUP   M=ExtCtrls ACBP=A9
 0002:000009A4 00000114 C=DATA     S=.data    G=DGROUP   M=Dialogs  ACBP=A9
 0002:00000AB8 0000013C C=DATA     S=.data    G=DGROUP   M=Controls ACBP=A9
 0002:00000BF4 00000020 C=DATA     S=.data    G=DGROUP   M=ImgList  ACBP=A9
 0002:00000C14 000000EC C=DATA     S=.data    G=DGROUP   M=Menus    ACBP=A9
 0002:00000D00 00000130 C=DATA     S=.data    G=DGROUP   M=Forms    ACBP=A9
 0002:00000E30 00000010 C=DATA     S=.data    G=DGROUP   M=TeCanvas ACBP=A9
 0002:00000E40 00000148 C=DATA     S=.data    G=DGROUP   M=TeeProcs ACBP=A9
 0002:00000F88 0000002A C=DATA     S=.data    G=DGROUP   M=TeEngine ACBP=A9
 0002:00000FB4 0000000A C=DATA     S=.data    G=DGROUP   M=Chart    ACBP=A9
 0002:00000FC0 00000020 C=DATA     S=.data    G=DGROUP   M=ToolWin  ACBP=A9
 0002:00000FE0 0000009E C=DATA     S=.data    G=DGROUP   M=Buttons  ACBP=A9
 0002:00001080 00000008 C=DATA     S=.data    G=DGROUP   M=IniFiles ACBP=A9
 0002:00001088 00000008 C=DATA     S=.data    G=DGROUP   M=Registry ACBP=A9
 0002:00001090 00000008 C=DATA     S=.data    G=DGROUP   M=Mapi     ACBP=A9
 0002:00001098 000000EC C=DATA     S=.data    G=DGROUP   M=ComCtrls ACBP=A9
 0002:00001184 00000038 C=DATA     S=.data    G=DGROUP   M=Series   ACBP=A9
 0002:000011BC 00000030 C=DATA     S=.data    G=DGROUP   M=ComObj   ACBP=A9
 0002:000011EC 0000003C C=DATA     S=.data    G=DGROUP   M=biocalc_TLB ACBP=A9
 0002:00001228 00000009 C=DATA     S=.data    G=DGROUP   M=MaskUtils ACBP=A9
 0002:00001234 00000004 C=DATA     S=.data    G=DGROUP   M=Mask     ACBP=A9
 0002:00001238 00000006 C=DATA     S=.data    G=DGROUP   M=Grids    ACBP=A9
 0002:00001240 0000003C C=DATA     S=.data    G=DGROUP   M=SqlTimSt ACBP=A9
 0002:0000127C 00000065 C=DATA     S=.data    G=DGROUP   M=FMTBcd   ACBP=A9
 0002:000012E4 0000021E C=DATA     S=.data    G=DGROUP   M=DB       ACBP=A9
 0002:00001504 0000006C C=DATA     S=.data    G=DGROUP   M=DBCtrls  ACBP=A9
 0002:00001570 00000010 C=DATA     S=.data    G=DGROUP   M=OleDB    ACBP=A9
 0002:00001580 00000060 C=DATA     S=.data    G=DGROUP   M=ADOInt   ACBP=A9
 0002:000015E0 00000020 C=DATA     S=.data    G=DGROUP   M=Mtx      ACBP=A9
 0002:00001600 00000294 C=DATA     S=.data    G=DGROUP   M=ADODB    ACBP=A9
 0002:00003000 0000070C C=BSS      S=.bss     G=DGROUP   M=System   ACBP=A9
 0002:0000370C 00000018 C=BSS      S=.bss     G=DGROUP   M=SysInit  ACBP=A9
 0002:00003724 00000004 C=BSS      S=.bss     G=DGROUP   M=Types    ACBP=A9
 0002:00003728 00000004 C=BSS      S=.bss     G=DGROUP   M=Windows  ACBP=A9
 0002:0000372C 00000004 C=BSS      S=.bss     G=DGROUP   M=Messages ACBP=A9
 0002:00003730 00000004 C=BSS      S=.bss     G=DGROUP   M=SysConst ACBP=A9
 0002:00003734 00000120 C=BSS      S=.bss     G=DGROUP   M=SysUtils ACBP=A9
 0002:00003854 00000004 C=BSS      S=.bss     G=DGROUP   M=VarUtils ACBP=A9
 0002:00003858 00000184 C=BSS      S=.bss     G=DGROUP   M=Variants ACBP=A9
 0002:000039DC 00000004 C=BSS      S=.bss     G=DGROUP   M=RTLConsts ACBP=A9
 0002:000039E0 00000004 C=BSS      S=.bss     G=DGROUP   M=TypInfo  ACBP=A9
 0002:000039E4 00000004 C=BSS      S=.bss     G=DGROUP   M=ActiveX  ACBP=A9
 0002:000039E8 00000040 C=BSS      S=.bss     G=DGROUP   M=Classes  ACBP=A9
 0002:00003A28 00000004 C=BSS      S=.bss     G=DGROUP   M=Consts   ACBP=A9
 0002:00003A2C 00000060 C=BSS      S=.bss     G=DGROUP   M=Graphics ACBP=A9
 0002:00003A8C 00000004 C=BSS      S=.bss     G=DGROUP   M=Math     ACBP=A9
 0002:00003A90 00000004 C=BSS      S=.bss     G=DGROUP   M=Contnrs  ACBP=A9
 0002:00003A94 0000000C C=BSS      S=.bss     G=DGROUP   M=CommCtrl ACBP=A9
 0002:00003AA0 00000031 C=BSS      S=.bss     G=DGROUP   M=MultiMon ACBP=A9
 0002:00003AD4 00000004 C=BSS      S=.bss     G=DGROUP   M=Imm      ACBP=A9
 0002:00003AD8 00000008 C=BSS      S=.bss     G=DGROUP   M=HelpIntfs ACBP=A9
 0002:00003AE0 00000004 C=BSS      S=.bss     G=DGROUP   M=WinSpool ACBP=A9
 0002:00003AE4 00000004 C=BSS      S=.bss     G=DGROUP   M=Printers ACBP=A9
 0002:00003AE8 00000034 C=BSS      S=.bss     G=DGROUP   M=FlatSB   ACBP=A9
 0002:00003B1C 00000004 C=BSS      S=.bss     G=DGROUP   M=StdCtrls ACBP=A9
 0002:00003B20 00000004 C=BSS      S=.bss     G=DGROUP   M=ShellAPI ACBP=A9
 0002:00003B24 00000004 C=BSS      S=.bss     G=DGROUP   M=RegStr   ACBP=A9
 0002:00003B28 00000004 C=BSS      S=.bss     G=DGROUP   M=WinInet  ACBP=A9
 0002:00003B2C 00000004 C=BSS      S=.bss     G=DGROUP   M=UrlMon   ACBP=A9
 0002:00003B30 00000004 C=BSS      S=.bss     G=DGROUP   M=ShlObj   ACBP=A9
 0002:00003B34 00000004 C=BSS      S=.bss     G=DGROUP   M=CommDlg  ACBP=A9
 0002:00003B38 00000004 C=BSS      S=.bss     G=DGROUP   M=ExtCtrls ACBP=A9
 0002:00003B3C 00000004 C=BSS      S=.bss     G=DGROUP   M=Dlgs     ACBP=A9
 0002:00003B40 00000038 C=BSS      S=.bss     G=DGROUP   M=Dialogs  ACBP=A9
 0002:00003B78 0000000C C=BSS      S=.bss     G=DGROUP   M=Clipbrd  ACBP=A9
 0002:00003B84 00000004 C=BSS      S=.bss     G=DGROUP   M=StrUtils ACBP=A9
 0002:00003B88 00000004 C=BSS      S=.bss     G=DGROUP   M=StdActns ACBP=A9
 0002:00003B8C 00000010 C=BSS      S=.bss     G=DGROUP   M=WinHelpViewer ACBP=A9
 0002:00003B9C 00000080 C=BSS      S=.bss     G=DGROUP   M=Controls ACBP=A9
 0002:00003C1C 00000004 C=BSS      S=.bss     G=DGROUP   M=ActnList ACBP=A9
 0002:00003C20 00000004 C=BSS      S=.bss     G=DGROUP   M=ImgList  ACBP=A9
 0002:00003C24 00000010 C=BSS      S=.bss     G=DGROUP   M=Menus    ACBP=A9
 0002:00003C34 00000020 C=BSS      S=.bss     G=DGROUP   M=Forms    ACBP=A9
 0002:00003C54 00000004 C=BSS      S=.bss     G=DGROUP   M=TeCanvas ACBP=A9
 0002:00003C58 00000004 C=BSS      S=.bss     G=DGROUP   M=TeeConst ACBP=A9
 0002:00003C5C 00000004 C=BSS      S=.bss     G=DGROUP   M=TeeProcs ACBP=A9
 0002:00003C60 00000004 C=BSS      S=.bss     G=DGROUP   M=TeEngine ACBP=A9
 0002:00003C64 00000004 C=BSS      S=.bss     G=DGROUP   M=TeeFunci ACBP=A9
 0002:00003C68 00000014 C=BSS      S=.bss     G=DGROUP   M=Chart    ACBP=A9
 0002:00003C7C 00000004 C=BSS      S=.bss     G=DGROUP   M=RichEdit ACBP=A9
 0002:00003C80 00000004 C=BSS      S=.bss     G=DGROUP   M=ToolWin  ACBP=A9
 0002:00003C84 00000004 C=BSS      S=.bss     G=DGROUP   M=ComStrs  ACBP=A9
 0002:00003C88 00000030 C=BSS      S=.bss     G=DGROUP   M=Buttons  ACBP=A9
 0002:00003CB8 00000004 C=BSS      S=.bss     G=DGROUP   M=ExtDlgs  ACBP=A9
 0002:00003CBC 00000004 C=BSS      S=.bss     G=DGROUP   M=IniFiles ACBP=A9
 0002:00003CC0 00000004 C=BSS      S=.bss     G=DGROUP   M=Registry ACBP=A9
 0002:00003CC4 00000004 C=BSS      S=.bss     G=DGROUP   M=Mapi     ACBP=A9
 0002:00003CC8 00000009 C=BSS      S=.bss     G=DGROUP   M=ExtActns ACBP=A9
 0002:00003CD4 00000004 C=BSS      S=.bss     G=DGROUP   M=ListActns ACBP=A9
 0002:00003CD8 00000034 C=BSS      S=.bss     G=DGROUP   M=ComCtrls ACBP=A9
 0002:00003D0C 00000004 C=BSS      S=.bss     G=DGROUP   M=Series   ACBP=A9
 0002:00003D10 00000004 C=BSS      S=.bss     G=DGROUP   M=ComConst ACBP=A9
 0002:00003D14 00000011 C=BSS      S=.bss     G=DGROUP   M=ComObj   ACBP=A9
 0002:00003D28 00000004 C=BSS      S=.bss     G=DGROUP   M=OleConst ACBP=A9
 0002:00003D2C 00000004 C=BSS      S=.bss     G=DGROUP   M=OleServer ACBP=A9
 0002:00003D30 00000004 C=BSS      S=.bss     G=DGROUP   M=StdVCL   ACBP=A9
 0002:00003D34 00000004 C=BSS      S=.bss     G=DGROUP   M=biocalc_TLB ACBP=A9
 0002:00003D38 00000004 C=BSS      S=.bss     G=DGROUP   M=MaskUtils ACBP=A9
 0002:00003D3C 00000004 C=BSS      S=.bss     G=DGROUP   M=Mask     ACBP=A9
 0002:00003D40 00000004 C=BSS      S=.bss     G=DGROUP   M=Grids    ACBP=A9
 0002:00003D44 00000004 C=BSS      S=.bss     G=DGROUP   M=DateUtils ACBP=A9
 0002:00003D48 00000004 C=BSS      S=.bss     G=DGROUP   M=DBConsts ACBP=A9
 0002:00003D4C 00000004 C=BSS      S=.bss     G=DGROUP   M=SqlTimSt ACBP=A9
 0002:00003D50 00000004 C=BSS      S=.bss     G=DGROUP   M=FMTBcd   ACBP=A9
 0002:00003D54 00000020 C=BSS      S=.bss     G=DGROUP   M=DB       ACBP=A9
 0002:00003D74 00000004 C=BSS      S=.bss     G=DGROUP   M=VDBConsts ACBP=A9
 0002:00003D78 00000004 C=BSS      S=.bss     G=DGROUP   M=DBLogDlg ACBP=A9
 0002:00003D7C 00000004 C=BSS      S=.bss     G=DGROUP   M=DBPWDlg  ACBP=A9
 0002:00003D80 00000004 C=BSS      S=.bss     G=DGROUP   M=DBCtrls  ACBP=A9
 0002:00003D84 00000004 C=BSS      S=.bss     G=DGROUP   M=OleDB    ACBP=A9
 0002:00003D88 00000004 C=BSS      S=.bss     G=DGROUP   M=ADOInt   ACBP=A9
 0002:00003D8C 00000004 C=BSS      S=.bss     G=DGROUP   M=DBCommon ACBP=A9
 0002:00003D90 00000004 C=BSS      S=.bss     G=DGROUP   M=Mtx      ACBP=A9
 0002:00003D94 00000004 C=BSS      S=.bss     G=DGROUP   M=ADOConst ACBP=A9
 0002:00003D98 00000008 C=BSS      S=.bss     G=DGROUP   M=ADODB    ACBP=A9
 0002:00003DA0 00000004 C=BSS      S=.bss     G=DGROUP   M=inheritedregistry ACBP=A9
 0002:00003DA4 00000004 C=BSS      S=.bss     G=DGROUP   M=DBConfig ACBP=A9
 0002:00003DA8 00000004 C=BSS      S=.bss     G=DGROUP   M=dbmaint  ACBP=A9
 0002:00003DAC 00000008 C=BSS      S=.bss     G=DGROUP   M=compatbiochart ACBP=A9


  Address         Publics by Name

 0002:00003B40       .01
 0002:00003C64       .01
 0002:00003C84       .1
 0002:00003724       .1
 0002:00003C58       .1
 0002:00003D74       .1
 0002:00003730       .1
 0002:0000372C       .1
 0002:00003D84       .1
 0002:00003D44       .1
 0002:00003CC4       .1
 0002:00003D30       .1
 0002:00003854       .1
 0002:00003B94       .1
 0002:000039DC       .1
 0002:00003B84       .1
 0002:00003D48       .1
 0002:00003B3C       .1
 0002:00003D4C       .1
 0002:00003D90       .1
 0002:00003D28       .1
 0002:00003D94       .1
 0002:00003A28       .1
 0002:00003B34       .1
 0002:00003B30       .1
 0002:00003B2C       .1
 0002:00003A94       .1
 0002:00003B28       .1
 0002:00003AC0       .1
 0002:00003AD4       .1
 0002:00003B24       .1
 0002:00003B20       .1
 0002:00003B08       .1
 0002:00003D10       .1
 0002:0000371C       .1
 0002:00003C7C       .1
 0002:00003C54       .11
 0002:00003D40       .11
 0002:00003B38       .12
 0002:00003A30       .12
 0002:00003DA0       .2
 0002:00003DA8       .2
 0002:00003D7C       .2
 0002:00003B7C       .2
 0002:00003DA4       .2
 0002:00003AD8       .2
 0002:00003A8C       .2
 0002:00003D78       .2
 0002:00003D38       .2
 0002:00003DB0       .2
 0002:00003A90       .21
 0002:00003D80       .22
 0002:00003D34       .3
 0002:00003C20       .3
 0002:00003CB8       .3
 0002:000039E4       .3
 0002:00003D8C       .3
 0002:00003D2C       .3
 0002:00003D50       .3
 0002:00003728       .3
 0002:00003AE0       .3
 0002:00003AE4       .3
 0002:00003C78       .31
 0002:00003D98       .31
 0002:000039F0       .35
 0002:00003D70       .36
 0002:00003CD8       .36
 0002:00003C88       .4
 0002:00003C80       .4
 0002:00003D14       .41
 0002:00003C3C       .41
 0002:00003B1C       .42
 0002:000035BC       .5
 0002:00003D3C       .5
 0002:00003D88       .5
 0002:00003CC0       .5
 0002:000039E0       .6
 0002:00003D0C       .61
 0002:00003878       .61
 0002:00003B88       .63
 0002:00003C60       .71
 0002:00003CC8       .72
 0002:00003BA4       .72
 0002:00003CBC       .8
 0002:00003C1C       .8
 0002:00003CD4       .8
 0002:00003C5C       .9
 0002:00003C2C       .9
 0002:00003844       .94
 0001:00001B14       @AbstractError
 0001:00002B80       @AfterConstruction
 0001:00002974       @AsClass
 0001:00003610       @Assert
 0001:00001F80       @AStrCmp
 0001:00002B90       @BeforeDestruction
 0001:00002704       @BoundErr
 0001:000029C0       @CallDynaInst
 0001:00005730       @CheckAutoResult
 0001:00002B28       @ClassCreate
 0001:00002B78       @ClassDestroy
 0001:00001E4C       @Close
 0001:00001998       @Copy
 0001:00004438       @CopyArray
 0001:0000431C       @CopyRecord
 0001:0000474C       @DispCallByIDError
 0001:0000460C       @DispInvoke
 0001:00004540       @Dispose
 0001:000030D0       @DoneExcept
 0001:00004F84       @DynArrayAsg
 0001:00004F48       @DynArrayClear
 0001:00004E34       @DynArrayCopy
 0001:00004E54       @DynArrayCopyRange
 0001:00004C74       @DynArrayHigh
 0001:00004C6C       @DynArrayLength
 0001:00004E28       @DynArraySetLength
 0001:000031B8       @ExceptionHandler
 0001:00001A88       @EXP
 0001:00001FF0       @FillChar
 0001:00004310       @Finalize
 0001:00004224       @FinalizeArray
 0001:000041F0       @FinalizeRecord
 0001:000029D8       @FindDynaInst
 0001:00001E40       @Flush
 0001:000026F8       @FpuInit
 0001:00002634       @FpuMaskInit
 0001:00001AC0       @FRAC
 0001:00001820       @FreeMem
 0001:00001800       @GetMem
 0001:00005CB8       @GetTls
 0001:000035F8       @Halt
 0001:00003520       @Halt0
 0001:00002CA4       @HandleAnyException
 0001:00002F90       @HandleAutoException
 0001:00002F58       @HandleFinally
 0001:00002DD0       @HandleOnException
 0001:00005D04       @InitExe
 0001:000041E4       @Initialize
 0001:00004150       @InitializeArray
 0001:00004120       @InitializeRecord
 0001:000033C8       @InitImports
 0001:000033A0       @InitResStringImports
 0001:000033EC       @InitWideStrings
 0001:00001AA0       @INT
 0001:00005694       @IntfAddRef
 0001:00005668       @IntfCast
 0001:00005624       @IntfClear
 0001:0000563C       @IntfCopy
 0001:00002950       @IsClass
 0001:00002604       @isNECWindows
 0001:00003AD0       @LStrAddRef
 0001:00003654       @LStrArrayClr
 0001:00003684       @LStrAsg
 0001:000038F0       @LStrCat
 0001:00003934       @LStrCat3
 0001:000039A8       @LStrCatN
 0001:00003630       @LStrClr
 0001:00003A2C       @LStrCmp
 0001:00003B40       @LStrCopy
 0001:00003B80       @LStrDelete
 0001:00003898       @LStrFromArray
 0001:00003810       @LStrFromChar
 0001:00003820       @LStrFromPChar
 0001:00003720       @LStrFromPCharLen
 0001:00003850       @LStrFromPWChar
 0001:00003784       @LStrFromPWCharLen
 0001:0000388C       @LStrFromString
 0001:000038B0       @LStrFromWStr
 0001:00003BC8       @LStrInsert
 0001:000036C8       @LStrLAsg
 0001:000038E8       @LStrLen
 0001:00003CD0       @LStrOfChar
 0001:00003C24       @LStrPos
 0001:00003C6C       @LStrSetLength
 0001:00003AE0       @LStrToPChar
 0001:000038C4       @LStrToString
 0001:0000452C       @New
 0001:000036F4       @NewAnsiString
 0001:00003D24       @NewWideString
 0001:000046E8       @OleVarFromInt
 0001:000046D8       @OleVarFromLStr
 0001:000046E0       @OleVarFromVar
 0001:0000231C       @Pow10
 0001:00001EFC       @PStrCmp
 0001:00001ED4       @PStrCpy
 0001:00001EA4       @PStrNCat
 0001:00001EE0       @PStrNCpy
 0001:0000307C       @RaiseAgain
 0001:00003054       @RaiseExcept
 0001:00002010       @RandInt
 0001:00001840       @ReallocMem
 0001:00001B88       @RewritText
 0001:00001AE4       @ROUND
 0001:00003604       @RunError
 0001:00002300       @SetEq
 0001:00001A3C       @SetLength
 0001:000022A8       @SetRange
 0001:00003360       @StartExe
 0001:00004A2C       @Str0Int64
 0001:0000208C       @Str0Long
 0001:0000496C       @StrInt64
 0001:000003F4       @strlen
 0001:0000202C       @StrLong
 0001:00001AF0       @TRUNC
 0001:00003100       @TryFinallyExit
 0001:00003B38       @UniqueStringA
 0001:00004A48       @ValInt64
 0001:00002098       @ValLong
 0001:000046F0       @VarAdd
 0001:00004744       @VarAddRef
 0001:0000475C       @VarArrayGet
 0001:00004768       @VarArrayPut
 0001:00004754       @VarArrayRedim
 0001:00004624       @VarCast
 0001:00004614       @VarClear
 0001:0000473C       @VarClr
 0001:000046FC       @VarCmpEQ
 0001:00004720       @VarCmpGT
 0001:00004714       @VarCmpLT
 0001:00004708       @VarCmpNE
 0001:0000461C       @VarCopy
 0001:00004690       @VarFromBool
 0001:000046A8       @VarFromCurr
 0001:000046D0       @VarFromDisp
 0001:00004674       @VarFromInt
 0001:0000467C       @VarFromInt64
 0001:000046C8       @VarFromIntf
 0001:000046B8       @VarFromLStr
 0001:000046B0       @VarFromPStr
 0001:00004698       @VarFromReal
 0001:000046A0       @VarFromTDateTime
 0001:000046C0       @VarFromWStr
 0001:0000472C       @VarNeg
 0001:00004734       @VarNot
 0001:0000463C       @VarToBool
 0001:0000464C       @VarToCurr
 0001:0000466C       @VarToDisp
 0001:0000462C       @VarToInt
 0001:00004634       @VarToInt64
 0001:00004664       @VarToIntf
 0001:00004654       @VarToLStr
 0001:00004644       @VarToReal
 0001:0000465C       @VarToWStr
 0001:000021A8       @WriteBytes
 0001:00003CFC       @WriteLString
 0001:000021FC       @WriteSpaces
 0001:00004100       @WStrAddRef
 0001:00003D64       @WStrArrayClr
 0001:00003D88       @WStrAsg
 0001:00003EF4       @WStrCat
 0001:00003F54       @WStrCatN
 0001:00003D4C       @WStrClr
 0001:00003F9C       @WStrCmp
 0001:00004020       @WStrCopy
 0001:00003EC8       @WStrFromLStr
 0001:00003E5C       @WStrFromPChar
 0001:00003DAC       @WStrFromPCharLen
 0001:00003E8C       @WStrFromPWChar
 0001:00003E38       @WStrFromPWCharLen
 0001:00003EE8       @WStrLen
 0001:0000406C       @WStrPos
 0001:000040BC       @WStrSetLength
 0001:00003ED8       @WStrToPWChar
 0001:00002284       @_CLenToPasStr
 0001:00002278       @_CToPasStr
 0001:00001968       @_IOTest
 0001:00004798       @_lldiv
 0001:00004860       @_llmod
 0001:00004774       @_llmul
 0001:0000492C       @_llshl
 0001:00004814       @_lludiv
 0001:000048DC       @_llumod
 0001:0000494C       @_llushr
 0001:0000BC30       Abort
 0001:00006038       AbortDoc
 0001:00030280       AbortProc
 0001:0003DED8       AbsMin
 0001:0000C038       AbstractErrorHandler
 0002:0000302C       AbstractErrorProc
 0002:0000014C       AccessMode
 0001:000018D0       AcquireExceptionObject
 0001:0001B600       ActivateClassGroup
 0001:00006348       ActivateKeyboardLayout
 0002:00003BD8       ActiveDrag
 0001:0001907C       ActiveX
 0001:0004CF2C       ActnList
 0001:00000518       AddBlockAfter
 0001:000A5434       AddChars
 0001:000A8474       AddCurrency
 0001:000A7C44       AddCurrencySymbol
 0002:000005D8       AddDataModule
 0001:000A7550       AddDigit
 0001:00007AEC       AddExitProc
 0001:000CFF10       AddFieldDef
 0001:000AFD9C       AddFieldDefs
 0001:000AFFD0       AddFields
 0001:000D6748       AddFieldToList
 0001:0001F0AC       AddFinished
 0001:00050610       AddIn
 0001:000A8764       AddLiterals
 0001:000054B8       AddModuleUnloadProc
 0001:000054C8       AddModuleUnloadProc
 0001:000A7D24       AddNegCurrencySymbol
 0001:000A6B20       AddNormalizedFractions
 0001:0001F0E4       AddNotFinished
 0001:000A7534       AddOneChar
 0001:000A54F0       AddStrings
 0001:0006E7EC       AddTick
 0002:00001274       AdjustAmt
 0002:0000125C       AdjustAmt
 0002:00001264       AdjustAmt
 0002:0000126C       AdjustAmt
 0001:0009399C       AdjustCircleMarks
 0001:00028E44       AdjustColor
 0001:00037564       AdjustColors
 0001:000A5F4C       AdjustDecimalPosition
 0001:000BB8D8       AdjustFirstRecord
 0001:00057D30       Adjustment
 0001:000A6E7C       AdjustNibbles
 0001:00006350       AdjustWindowRectEx
 0001:000C6E88       ADOConst
 0001:000D7518       ADODB
 0001:000C62BC       ADOInt
 0001:000CA76C       ADOTypeToFieldType
 0002:00001860       AffectRecordsValues
 0001:0000D268       AL1
 0002:0000031C       AL1s
 0001:0000D278       AL2
 0002:0000032C       AL2s
 0002:0000094C       Alignments
 0002:00000CD8       Alignments
 0002:00000998       Alignments
 0002:00000CE8       Alignments
 0002:00000F98       Aligns
 0002:00001504       AlignStyle
 0002:000010C8       AlignStyles
 0001:0004356C       AlignWork
 0001:0005EC74       AlignWork
 0001:00093630       AllCircled
 0001:00024E20       AllocateHWnd
 0001:00038848       AllocFilterStr
 0001:00007AA0       AllocMem
 0002:000035B4       AllocMemCount
 0002:000035B8       AllocMemSize
 0001:0002E170       AllocPatternBitmap
 0001:00005C60       AllocTlsBuffer
 0001:0000D2E4       ALR
 0001:0000D290       ALV
 0001:00022664       AncestorValid
 0002:00000AC4       AnchorAlign
 0002:00003C68       AnimatedZoomFactor
 0002:00000AB8       AnimateWindowProc
 0002:00000BC0       AnimationStyle
 0001:00007CCC       AnsiCompareStr
 0001:00007D04       AnsiCompareText
 0001:00007DC4       AnsiExtractQuotedStr
 0001:000081B8       AnsiLastChar
 0001:00006358       AnsiLower
 0001:00007C98       AnsiLowerCase
 0001:0000C8D8       AnsiLowerCaseFileName
 0001:0000C8A0       AnsiPos
 0001:00054CF4       AnsiSameCaption
 0001:00007D3C       AnsiSameText
 0001:00007D54       AnsiStrLIComp
 0001:0000C964       AnsiStrPos
 0001:0000CA04       AnsiStrRScan
 0001:0000CA2C       AnsiStrScan
 0001:00005ABC       AnsiToUtf8
 0001:00007C64       AnsiUpperCase
 0001:000138C4       AnyOp
 0001:00012D70       AnyToIntf
 0001:00009E4C       AppendChars
 0001:0000A210       AppendFormat
 0001:00009EB0       AppendNumber
 0001:00009E90       AppendString
 0002:00003C34       Application
 0001:000CAF80       ApplicationHandleException
 0002:000005E8       ApplicationHandleException
 0002:000005F0       ApplicationShowException
 0001:0006431C       ApplyDark
 0002:00000E28       AppVisible
 0001:0006E39C       AProc
 0001:00006040       Arc
 0001:00062648       ArcTan2
 0002:00000FA8       ArrowColors
 0002:00001234       ArrowKey
 0001:0000C01C       AssertErrorHandler
 0002:00003024       AssertErrorProc
 0001:000CD9B8       AssignField
 0001:00018650       AssignLongStr
 0001:000CDA34       AssignParam
 0001:000CD8D8       AssignParameter
 0001:000CDCE4       AssignToParam
 0001:00018CCC       AssignVariant
 0001:000B0888       AttributeSetStored
 0002:00003608       avail
 0001:0006EB78       AxisLabelsSeries
 0001:000082B8       BackfillGetDiskFreeSpaceEx
 0001:00040A7C       BackgroundClipped
 0002:000014DC       BaseFieldTypes
 0002:00000460       BaseTypeMap
 0001:000A73E4       BcdAdd
 0001:000A6FF8       BcdCompare
 0001:000A80B4       BcdCurrencyFormat
 0001:000A7260       BcdDivide
 0001:000A7378       BcdDivide
 0001:000A45E4       BcdError
 0001:000A4574       BcdErrorFmt
 0001:000A7A64       BcdFixedOrNumberFormat
 0001:000A7A00       BcdGeneralFormat
 0001:000A71F4       BcdMultiply
 0001:000A70FC       BcdMultiply
 0001:000A7858       BcdScale
 0001:000A7A18       BcdScientificFormat
 0001:000A70C0       BcdSubtract
 0001:000A7954       BCDToCurr
 0001:000A5004       BcdToDouble
 0001:000A7714       BcdToStr
 0001:000A81A0       BcdToStrF
 0001:0000C4F8       Beep
 0001:0001B9D4       BeginGlobalLoading
 0001:00006360       BeginPaint
 0001:00028E50       BetterSize
 0001:00036E80       BevelLine
 0001:00036D90       BevelRect
 0001:000513F4       BiDiDraw
 0001:0009746C       biocalc_TLB
 0001:00006048       BitBlt
 0002:0000100C       BitBtnCaptions
 0002:00003C8C       BitBtnGlyphs
 0002:00001038       BitBtnModalResults
 0002:00000FE0       BitBtnResNames
 0002:000008F4       BitmapCanvasList
 0002:00003A48       BitmapImageLock
 0001:000A5DE8       BlankArgument
 0001:000A2924       BlankStr
 0002:00000610       BlockCode
 0002:000035E0       blockDescBlockList
 0002:000035E4       blockDescFreeList
 0002:000005BC       BooleanIdents
 0001:000120E0       BoolToWStrViaOS
 0002:00000D64       BorderStyles
 0002:00000990       BorderStyles
 0002:00000944       BorderStyles
 0001:0001A904       Bounds
 0001:00005DA4       Bounds
 0002:00000C80       Breaks
 0002:00000F64       BrushColors
 0002:00003A80       BrushManager
 0002:00000FB0       BrushStyles
 0002:00001544       BtnHintId
 0002:0000151C       BtnTypeName
 0001:000BAFDC       BufferToByteArray
 0001:000D1B78       BufferToVar
 0001:0009B690       Build
 0001:00053B04       BuildImage
 0002:00000A60       ButtonCaptions
 0002:00001068       ButtonCount
 0002:00000A34       ButtonNames
 0002:00000CFC       Buttons
 0001:0007FDA4       Buttons
 0002:000010FC       ButtonStates
 0002:00000988       ButtonStyles
 0002:0000110C       ButtonStyles
 0002:00003B4C       ButtonWidths
 0001:000BB090       ByteArrayToBuffer
 0001:00028630       BytesPerScanline
 0001:00028988       ByteSwapColors
 0001:0000C5DC       ByteToCharIndex
 0001:0000C5B4       ByteToCharLen
 0001:0000C578       ByteType
 0001:0000C500       ByteTypeTest
 0001:000687FC       Calc3DRect
 0001:0006EA64       CalcAllSeries
 0001:000661B8       CalcArrowPoint
 0001:0009DA5C       CalcAxis
 0001:0009E784       CalcAxis
 0001:0009DCA0       CalcAxisState
 0001:00063C84       CalcBrushColor
 0001:0009385C       CalcCircledRatio
 0001:0006EAEC       CalcFirstLastAllSeries
 0001:0009DAE8       CalcFixedAxis
 0001:0007B448       CalcHorizMargin
 0001:0007B3D0       CalcHorizontalColsRows
 0001:00024D5C       CalcJmpOffset
 0001:0006F80C       CalcLabelsRect
 0001:0006812C       CalcMargin
 0001:0009DBFC       CalcMaxCell
 0001:0007AD54       CalcMaxLegendValues
 0001:00071C54       CalcMinMaxValue
 0001:000741C4       CalcNumPages
 0001:0009FBB8       CalcPageExtents
 0001:000A8364       CalcPrecisionAndDigits
 0001:0009F4B4       CalcScroll
 0001:0009EB1C       CalcScrollBar
 0001:0007A580       CalcSeriesAxisRect
 0001:00088E90       CalcSize
 0001:0009F818       CalcSizeInfo
 0001:0004AFC4       CalcSplitterPos
 0001:000B669C       CalcTotalSize
 0001:000637C0       CalcTrigValues
 0001:000B08C8       CalculatedStored
 0001:00070CA4       CalculateFunctionMany
 0001:00070C20       CalculateMovingFunction
 0001:0007B47C       CalcVertMargin
 0001:0008FF64       CalcYPosLeftRight
 0001:00006368       CallNextHookEx
 0001:0000D22C       CallTerminateProcs
 0001:00006370       CallWindowProc
 0001:0003EEF8       CancelDrag
 0001:000BC6C0       CancelNestedDataSets
 0001:000A5D78       CanUseShort
 0002:00003BEC       CanvasList
 0002:00003A84       CanvasList
 0002:00000A0C       Captions
 0002:00000B7C       CaptureControl
 0001:0009BC64       CaretPos
 0002:00000C20       cBooleanToItemAutoFlag
 0002:000004E0       CBooleanToRelationship
 0001:00038158       CenterWindow
 0002:00003B7A       CF_COMPONENT
 0002:00003B78       CF_PICTURE
 0002:00003870       ChangeAnyProc
 0001:0003D4B0       ChangeBiDiModeAlignment
 0002:0000096C       CharCases
 0001:00003750       CharFromWChar
 0001:0000C7B0       CharLength
 0001:00006378       CharLowerBuff
 0001:00006380       CharNext
 0001:0000036C       CharNext
 0001:00026D98       CharsetToIdent
 0001:0007BDA8       Chart
 0001:0000C6C4       CharToByteIndex
 0001:0000C728       CharToByteLen
 0001:00006388       CharUpperBuff
 0001:00079B04       CheckBackground
 0001:00029418       CheckBool
 0001:00083C20       CheckCommonControl
 0001:000CB664       CheckForAsyncExecute
 0001:000D2694       CheckForFlyAway
 0001:00067008       CheckJapaneseFontSize
 0001:00002C20       CheckJmp
 0001:00006390       CheckMenuItem
 0001:00079E04       CheckMouseSeries
 0001:000BB4FC       CheckNestedBrowseMode
 0001:0008F92C       CheckPointInLine
 0002:00000C70       Checks
 0001:000A4164       CheckSqlTimeStamp
 0001:00023BB4       CheckSynchronize
 0001:0005776C       CheckTaskWindow
 0001:00013950       CheckType
 0001:00014348       CheckType
 0001:0003EBAC       CheckUndock
 0001:0000C4D8       CheckWin32Version
 0001:00079A38       CheckZoomPanning
 0002:00000478       CInvalidCustomVariantType
 0002:00000C24       cItemAutoFlagToBoolean
 0002:00000C1C       cItemAutoFlagToMenu
 0001:00024FA4       Classes
 0001:00095BB8       ClassIDToProgID
 0001:0001B390       ClassNotFound
 0002:00001590       CLASS_Command
 0002:00001580       CLASS_Connection
 0002:000015B0       CLASS_DataSpace
 0002:000015A0       CLASS_Recordset
 0002:0000386C       ClearAnyProc
 0001:00026628       ClearColor
 0001:000717BC       ClearDataSources
 0001:00096570       ClearExcepInfo
 0001:000A26CC       ClearItem
 0001:000164E0       ClearVariantTypeList
 0001:0007989C       ClickedAxis
 0001:0007BA5C       ClickedRow
 0001:00006398       ClientToScreen
 0001:00048568       ClientToWindow
 0001:0003A308       Clipboard
 0002:000008EC       ClipboardFormats
 0001:0003A3C0       Clipbrd
 0001:0006350C       ClipCanvas
 0001:00074B8C       ClipRegionCreate
 0001:00074BE4       ClipRegionDone
 0001:000063A0       CloseClipboard
 0001:00000304       CloseHandle
 0001:00005E20       CloseHandle
 0001:0003011C       ClosePrinter
 0002:00001570       CLSID_DATALINKS
 0002:00003040       CmdLine
 0002:0000303C       CmdShow
 0002:00000C18       cMenuAutoFlagToItem
 0002:000004EC       CmpTypeMap
 0002:000011C4       CoAddRefServerProcess
 0001:00019000       CoCreateInstance
 0002:000011BC       CoCreateInstanceEx
 0001:00018FF8       CoGetMalloc
 0002:000015E4       CoGetObjectContextProc
 0002:000011D4       CoInitFlags
 0001:00018FE8       CoInitialize
 0002:000011C0       CoInitializeEx
 0001:0001BC90       CollectionsEqual
 0002:00001144       ColorIndex
 0002:00000E40       ColorPalette
 0002:00000F6C       Colors
 0002:0000066C       Colors
 0001:00026B90       ColorToIdent
 0001:00026B80       ColorToRGB
 0001:00006050       CombineRgn
 0002:00003D1C       ComClassManagerVar
 0001:0009582C       ComConst
 0002:00003A98       ComCtl32DLL
 0002:00003CE4       ComCtlVersion
 0001:0008CA70       ComCtrls
 0002:00003C30       CommandPool
 0002:00001600       CommandTypeValues
 0001:0002E8BC       CommCtrl
 0001:00035248       CommDlg
 0001:000007F8       Commit
 0002:00003624       committedRoot
 0001:00096838       ComObj
 0001:000A6DB8       CompactBcd
 0001:000A51D4       CompareDigits
 0001:0009B9FC       CompareExtents
 0001:0004FBF4       CompareFront
 0001:00007BCC       CompareMem
 0001:000A6BD8       CompareNormalizedFractions
 0001:000946B0       CompareSliceAngle
 0001:00007B9C       CompareStr
 0001:00005E28       CompareString
 0001:00007BEC       CompareText
 0001:0006FF28       CompareValueIndex
 0001:000DA83C       compatbio
 0001:000DA534       compatbiochart
 0002:00003DAC       CompatBioForm
 0001:0001FACC       ComponentCreated
 0001:000291E8       ComputeAldusChecksum
 0001:0007CAD0       ComStrs
 0002:00001618       ConnectModeValues
 0002:00001638       ConnectOptionValues
 0001:00025328       Consts
 0001:0002E670       Contnrs
 0002:00003BAA       ControlAtom
 0002:00003BB0       ControlAtomString
 0001:0005C514       ControlHasHelp
 0001:0004BC44       Controls
 0001:0000B9E0       ConvertAddr
 0001:00009FA0       ConvertEraString
 0001:00007A64       ConvertError
 0001:00007A7C       ConvertErrorFmt
 0001:0000A108       ConvertYearString
 0001:00004C7C       CopyArray
 0001:0002B6C8       CopyBitmap
 0001:0002BD90       CopyBitmapAsMask
 0001:000A79EC       CopyByte
 0001:00006058       CopyEnhMetaFile
 0001:0007F32C       CopyImage
 0001:0007FBC4       CopyImage
 0001:0002BD2C       CopyPalette
 0001:00052BB0       CopyToBest
 0002:000011C8       CoReleaseServerProcess
 0002:000011CC       CoResumeClassObjects
 0002:000011D0       CoSuspendClassObjects
 0001:00019018       CoTaskMemFree
 0001:00018FF0       CoUninitialize
 0001:0000C634       CountChars
 0002:00003A60       CounterLock
 0001:000A24AC       CountItem
 0001:000CA708       CreateADOObject
 0001:0000BF60       CreateAssertException
 0001:0000C0E8       CreateAVObject
 0001:00006060       CreateBitmap
 0001:00006068       CreateBrushIndirect
 0001:00095BE4       CreateComObject
 0001:00006070       CreateCompatibleBitmap
 0001:00006078       CreateCompatibleDC
 0001:0001FB4C       CreateComponent
 0001:00006080       CreateDC
 0001:0006718C       CreateDefaultFont
 0001:00006090       CreateDIBitmap
 0001:00006088       CreateDIBSection
 0001:00005E30       CreateEvent
 0001:00005E38       CreateFile
 0001:0000030C       CreateFileA
 0001:00006098       CreateFontIndirect
 0001:000060A0       CreateHalftonePalette
 0001:000060A8       CreateIC
 0001:000063A8       CreateIcon
 0001:0000BE8C       CreateInOutError
 0001:000063B0       CreateMenu
 0001:0003955C       CreateMessageDialog
 0001:000060B0       CreatePalette
 0001:000060B8       CreatePenIndirect
 0001:000060C0       CreatePolygonRgn
 0001:000063B8       CreatePopupMenu
 0001:000060C8       CreateRectRgn
 0001:00095C1C       CreateRemoteComObject
 0001:000060D0       CreateSolidBrush
 0001:000289E0       CreateSystemPalette
 0001:00005E40       CreateThread
 0001:0000697C       CreateWindow
 0001:000063C0       CreateWindowEx
 0002:00000ABC       CreationControl
 0002:000009A8       CreationControl
 0002:000005A8       CRelationshipToBoolean
 0002:000011EC       CServerData
 0002:00000144       cSimpleBoolStrs
 0002:00000550       CText
 0002:00000FD8       Ctl3DStyles
 0002:00000BB8       Ctl3DStyles
 0001:0009BC30       Ctrl
 0002:0000361C       curAlloc
 0001:0001440C       CurrCompare
 0002:0000373C       CurrencyDecimals
 0002:00003738       CurrencyFormat
 0002:00003734       CurrencyString
 0001:00009E38       CurrentYear
 0001:000A78C8       CurrToBCD
 0001:000D13F8       CurrToBuffer
 0001:000094F4       CurrToStr
 0001:00009630       CurrToStrF
 0001:00012078       CurrToWStrViaOS
 0002:00001640       CursorLocationValues
 0002:00000DA0       CursorMap
 0002:00001648       CursorOptionValues
 0002:00000ACC       Cursors
 0001:0003D7AC       CursorToIdent
 0002:0000167C       CursorTypeValues
 0002:00000D90       cUseAlpha
 0002:00000D98       cUseColorKey
 0002:00001138       CustomizeStyles
 0002:0000033C       CVarTypeToElementInfo
 0002:000012D8       CWNear
 0002:00000184       CWNear
 0001:00064374       Dark
 0001:00064CA8       Dark
 0001:00065344       Dark
 0001:00065A64       Dark
 0002:00000E38       DarkColorQuantity
 0002:00000E34       DarkerColorQuantity
 0001:000AE854       DatabaseError
 0001:000AE900       DatabaseErrorFmt
 0001:0007FF74       DataTypeToRegData
 0002:00001690       DataTypeValues
 0001:00009D34       Date
 0001:000143E4       DateCompare
 0001:00013A14       DateOp
 0002:0000373D       DateSeparator
 0001:00066F08       DateTimeDefaultFormat
 0002:00000E94       DateTimeStep
 0001:000BAF94       DateTimeToNative
 0001:000A4094       DateTimeToSQLTimeStamp
 0001:0000AA9C       DateTimeToStr
 0001:0000A9A0       DateTimeToString
 0001:00009C5C       DateTimeToSystemTime
 0001:000097B8       DateTimeToTimeStamp
 0001:0002E87C       DateTime_GetMonthCal
 0001:0002E860       DateTime_SetMonthCalColor
 0001:0002E844       DateTime_SetRange
 0001:0002E828       DateTime_SetSystemTime
 0001:0000AA84       DateToStr
 0001:000120AC       DateToWStrViaOS
 0001:000A31D0       DateUtils
 0001:00009D0C       DayOfWeek
 0001:000A3168       DaysInAMonth
 0001:000BD608       DB
 0002:00003D6C       DBApplication
 0001:000C6C88       DBCommon
 0001:000D80FC       DBConfig
 0001:000A3380       DBConsts
 0001:000C5F6C       DBCtrls
 0001:000BDE0C       DBLogDlg
 0001:000D8458       dbmaint
 0001:000BE35C       DBPWDlg
 0002:00003D68       DBScreen
 0001:000C0FA8       DBUseRightToLeftAlignment
 0002:00000180       DCon10
 0002:00000668       DDBsOnly
 0001:00024ED4       DeallocateHWnd
 0002:00000018       DebugHook
 0002:0000373B       DecimalSeparator
 0001:00015E04       DecIndices
 0001:000692E0       DecMonths
 0001:00009C3C       DecodeDate
 0001:00009AF0       DecodeDateFully
 0001:00009960       DecodeTime
 0001:0000088C       Decommit
 0001:00000EA8       DecommitFree
 0002:000035F8       decommittedRoot
 0001:0005A268       Default
 0001:0005F868       Default
 0002:00000010       Default8087CW
 0002:00001228       DefaultBlank
 0002:00000AC0       DefaultDockTreeClass
 0002:000012E4       DefaultFieldClasses
 0002:00000024       DefaultTextLineBreakStyle
 0002:000008BC       DefBrushData
 0002:0000063C       DefFontData
 0001:000063C8       DefFrameProc
 0002:00000210       DefLongDayNames
 0002:000001C4       DefLongMonthNames
 0001:000063D0       DefMDIChildProc
 0002:0000089C       DefPenData
 0002:000001F4       DefShortDayNames
 0002:00000194       DefShortMonthNames
 0001:000063D8       DefWindowProc
 0001:00004FDC       DelayLoadResourceModule
 0001:00000548       DeleteBlock
 0001:000004B8       DeleteCriticalSection
 0001:00005E48       DeleteCriticalSection
 0001:000060D8       DeleteDC
 0001:000060E0       DeleteEnhMetaFile
 0001:00000CF0       DeleteFree
 0001:000063E0       DeleteMenu
 0001:000060E8       DeleteObject
 0001:0006F310       DepthAxisLabels
 0001:0002B284       DeselectBitmap
 0001:000D0640       DesignerDataStored
 0001:000063E8       DestroyCursor
 0001:000063F0       DestroyIcon
 0001:0007FCD4       DestroyLocals
 0001:000063F8       DestroyMenu
 0001:00006400       DestroyWindow
 0001:000A2068       Detector
 0001:0003AF74       DialogEnumerationTester
 0001:0003820C       DialogHook
 0001:00039D84       Dialogs
 0002:000008F8       DIBPalSizes
 0001:00068D70       Dif
 0002:00000080       dig
 0002:000015C0       DIID_ConnectionEvents
 0002:000015D0       DIID_RecordsetEvents
 0001:000575C0       DisableTaskWindows
 0001:00095F84       DispatchInvoke
 0001:00096564       DispatchInvokeError
 0001:00006408       DispatchMessage
 0001:0005D77C       DispatchShortCut
 0001:00096580       DispCall
 0001:00096664       DispCallByID
 0002:00003000       DispCallByIDProc
 0001:00096490       DispCallError
 0001:000A1BFC       DisposeStrItem
 0001:00007A48       DivMod
 0001:000379DC       Dlgs
 0001:0005EB28       DoAlign
 0001:000433FC       DoAlign
 0001:000BA670       DoBindFields
 0001:0009D8F4       DoCalc
 0001:0004739C       DoCalcConstraints
 0001:0009D95C       DoCalcRightToLeft
 0001:0006DBCC       DoCalculation
 0001:0009E0E4       DoChange
 0002:00003BE0       DockSiteList
 0001:000537D0       DoClick
 0001:0009CACC       DoColWidths
 0001:00044A84       DoControlMsg
 0001:00030124       DocumentProperties
 0001:0006F18C       DoCustomLabels
 0001:0006EFF8       DoDefaultLabels
 0001:0006EEEC       DoDefaultLogLabels
 0001:00057570       DoDisableWindow
 0001:0003E4D8       DoDragOver
 0001:00007AC0       DoExitProc
 0001:00049298       DoFindControlZone
 0001:000576AC       DoFindWindow
 0001:00049824       DoFindZone
 0001:0004931C       DoForEach
 0001:0004AC28       DoGetNextLimit
 0001:00057538       DoneApplication
 0001:0004B988       DoneControls
 0001:0000C414       DoneExceptions
 0001:0005BB70       DoNestedActivation
 0001:0006F14C       DoNotCustomLabels
 0001:0005E978       DoPosition
 0001:00042FBC       DoPosition
 0001:0004A250       DoPrune
 0001:000D2974       DoRecordsetDelete
 0001:00036610       DoRect
 0001:0009CB10       DoRowHeights
 0001:0004A728       DoSaveZone
 0001:0004A92C       DoSetNewBounds
 0001:0009C574       DoSizeAdjust
 0002:000012DC       Dot
 0001:0008F094       DoTriangle3D
 0002:000005C4       DotSep
 0001:0009F784       DoUpdate
 0002:00001118       DownMessage
 0002:0000106C       DownStyles
 0001:0001D1EC       DoWrite
 0001:0002A3D4       DoWrite
 0001:00029670       DoWrite
 0001:0004E358       DoWrite
 0001:000440F4       DoWriteDesignSize
 0001:00041B94       DoWriteIsControl
 0002:00003BC4       DragCapture
 0002:00003BB8       DragControl
 0001:0003EC20       DragDone
 0001:0003E488       DragFindTarget
 0001:0003E45C       DragFindWindow
 0002:00003BDC       DragImageList
 0001:0003E878       DragInit
 0001:0003E9E8       DragInitControl
 0002:00003BC0       DragInternalObject
 0001:0003E3BC       DragMessage
 0002:00003BBC       DragObject
 0002:00003BE8       DragSave
 0002:00003BD0       DragSaveCursor
 0002:00003BC8       DragStartPos
 0002:00003BD4       DragThreshold
 0001:0003E5A8       DragTo
 0001:00064D00       Draw3DPie
 0001:00075108       DrawAllAxis
 0001:00074C58       DrawAllSeriesValue
 0001:0005F8A4       DrawAppIcon
 0001:0006E1B4       DrawAxisLine
 0001:0009CE4C       DrawAxisLines
 0001:0006F270       DrawAxisTitle
 0001:0009D0C4       DrawCells
 0001:00049DBC       DrawCloseButton
 0001:0008EFDC       DrawCross
 0001:0008EF00       DrawDiagonalCross
 0001:00006410       DrawEdge
 0001:00006418       DrawFocusRect
 0001:00006420       DrawFrameControl
 0001:00049E14       DrawGrabberLine
 0001:0006DD64       DrawGridLine
 0001:0006DF60       DrawGrids
 0001:00006428       DrawIcon
 0001:00006430       DrawIconEx
 0002:00000BF4       DrawingStyles
 0001:0007B22C       DrawLegendBackground
 0001:0007AF9C       DrawLegendItem
 0001:0008FDB8       DrawLine
 0001:00070364       DrawLine
 0001:0009D034       DrawLines
 0001:00074D0C       DrawMarksSeries
 0001:000703CC       DrawMarkText
 0001:00006438       DrawMenuBar
 0001:00054B10       DrawMenuItem
 0001:0009025C       DrawPoint
 0001:00074D48       DrawSeries
 0001:00006440       DrawText
 0001:0006E808       DrawThisLabel
 0001:0006E73C       DrawTicksGrid
 0001:00079258       DrawTitleFoot
 0001:00078888       DrawTitleLine
 0001:000284B0       DupBits
 0001:00015DB0       DynArrayBounds
 0001:00004C94       DynArrayClear
 0001:00015D28       DynArrayDim
 0001:00015D0C       DynArrayElTypeInfo
 0001:00016204       DynArrayFromVariant
 0001:00015CCC       DynArrayIndex
 0001:00004C9C       DynArraySetLength
 0001:00015D40       DynArraySize
 0001:00015EF0       DynArrayToVariant
 0001:00015E70       DynArrayVariantBounds
 0001:00015EC8       DynArrayVarType
 0002:00000CE0       EdgeStyle
 0002:00000BA8       EdgeStyles
 0001:0000BE60       EHeapException.FreeInstance
 0001:000060F0       Ellipse
 0001:00006448       EmptyClipboard
 0001:000142F0       EmptyCompare
 0002:00003858       EmptyParam
 0002:000000A8       EmptyStr
 0002:000000AC       EmptyWideStr
 0001:00006450       EnableMenuItem
 0002:00000C78       Enables
 0001:00006458       EnableScrollBar
 0001:00057674       EnableTaskWindows
 0001:00006460       EnableWindow
 0001:00009AC0       EncodeDate
 0001:00009920       EncodeTime
 0001:000060F8       EndDoc
 0001:0001BA5C       EndGlobalLoading
 0001:00006100       EndPage
 0001:00006468       EndPaint
 0001:00005E50       EnterCriticalSection
 0001:000004A8       EnterCriticalSection
 0001:00005E58       EnumCalendarInfoA
 0001:00006470       EnumClipboardFormats
 0002:00003ABC       EnumDisplayMonitors
 0001:0000B654       EnumEraNames
 0001:0000B690       EnumEraYearOffsets
 0001:00005490       EnumModules
 0001:00005488       EnumModules
 0001:0005A764       EnumMonitorsProc
 0001:0003012C       EnumPrinters
 0001:00006478       EnumThreadWindows
 0001:00006480       EnumWindows
 0001:00095AC0       EOleException.Create
 0001:000959F0       EOleSysError.Create
 0001:00006488       EqualRect
 0002:00003804       EraNames
 0001:0000AD14       EraToYear
 0002:00003820       EraYearOffsets
 0002:00000078       errCaption
 0001:0004F944       Error
 0001:0000195C       Error
 0001:0001AF54       Error
 0001:0001EC38       Error
 0002:00000004       ErrorAddr
 0001:00001910       ErrorAt
 0001:0000BF0C       ErrorHandler
 0002:0000022C       ErrorMap
 0002:00003008       ErrorProc
 0002:000033E8       ErrOutput
 0001:000AE780       EUpdateError.Create
 0001:000AE824       EUpdateError.Destroy
 0002:00001728       EventReasonValues
 0002:0000143C       Events
 0002:00001764       EventStatusValues
 0001:000018B0       ExceptAddr
 0002:0000300C       ExceptClsProc
 0001:0000C380       ExceptHandler
 0001:0000BC8C       Exception.Create
 0001:0000BCC8       Exception.CreateFmt
 0001:0000BE18       Exception.CreateHelp
 0001:0000BD48       Exception.CreateRes
 0001:0000BD84       Exception.CreateResFmt
 0002:0000301C       ExceptionClass
 0001:0000B9EC       ExceptionErrorMessage
 0002:00000264       ExceptMap
 0001:00001890       ExceptObject
 0002:00003010       ExceptObjProc
 0002:00003004       ExceptProc
 0001:00006108       ExcludeClipRect
 0001:000CAAFC       ExecuteOptionsToOrd
 0002:00001778       ExecuteOptionValues
 0002:00000000       ExitCode
 0001:00003464       ExitDll
 0002:00003048       ExitProc
 0001:00000374       ExitProcess
 0002:00003028       ExitProcessProc
 0002:00000140       ExitProcList
 0001:000A1DCC       ExpandDir
 0001:000384E4       ExplorerHook
 0001:0008044C       ExtActns
 0001:00006110       ExtCreatePen
 0001:00037988       ExtCtrls
 0001:0007FDFC       ExtDlgs
 0002:00000F74       Extensions
 0001:000CBC2C       ExtractCommandType
 0001:000CAB78       ExtractFieldName
 0001:000AE9D4       ExtractFieldName
 0001:00008270       ExtractFileExt
 0001:00008238       ExtractFileName
 0001:00038B5C       ExtractFileName
 0001:00038BA4       ExtractFileNames
 0001:000A8608       ExtractLiterals
 0001:000A825C       ExtractMoneySymbol
 0001:000CB8A4       ExtractUserID
 0001:00006118       ExtSelectClipRgn
 0001:00006120       ExtTextOut
 0002:00003840       FalseBoolStrs
 0002:00003B80       FClipboard
 0002:00000174       FCon1E18
 0002:000012D4       FConst10
 0001:00030234       FetchStr
 0001:000CAF3C       FieldListCheckSum
 0002:0000137C       FieldTypeNames
 0001:000081B0       FileClose
 0001:00008118       FileCreate
 0001:000080F4       FileCreate
 0002:000008F0       FileFormats
 0002:0000000C       FileMode
 0001:00001BD0       FileNOPProc
 0001:00008098       FileOpen
 0001:00008120       FileRead
 0002:00000600       FilerSignature
 0001:00008178       FileSeek
 0001:0000814C       FileWrite
 0001:00000DD8       FillAfterGap
 0001:00000D84       FillBeforeGap
 0001:0009CDF8       FillDWord
 0001:00000E70       FillerSizeAfterGap
 0001:00000E00       FillerSizeBeforeGap
 0001:00006490       FillRect
 0002:00001074       FillStyles
 0002:00001788       FilterGroupValues
 0001:000C6C58       Finalization
 0001:000C628C       Finalization
 0001:0000E028       Finalization
 0001:000C6DB8       Finalization
 0001:000C6E58       Finalization
 0001:000C6068       Finalization
 0001:000C5F28       Finalization
 0001:000BE320       Finalization
 0001:000BDDDC       Finalization
 0001:000BD704       Finalization
 0001:000BD5AC       Finalization
 0001:0002E388       Finalization
 0001:00005D48       Finalization
 0001:0002E1A8       Finalization
 0001:000313D0       Finalization
 0001:0000DCCC       Finalization
 0001:0002E640       Finalization
 0001:0004E9E0       Finalization
 0001:000957FC       Finalization
 0001:0004CEFC       Finalization
 0001:00061ACC       Finalization
 0001:00095770       Finalization
 0001:00005DC0       Finalization
 0001:0004BBDC       Finalization
 0001:00075808       Finalization
 0001:00005B64       Finalization
 0001:0007BD70       Finalization
 0001:0007BF1C       Finalization
 0001:0007C9E8       Finalization
 0001:0007CAA0       Finalization
 0001:0003B1A4       Finalization
 0001:0008C9F8       Finalization
 0001:00024EFC       Finalization
 0001:000252F8       Finalization
 0001:000A8D24       Finalization
 0001:0003A580       Finalization
 0001:0002E88C       Finalization
 0001:00054DF0       Finalization
 0001:000310AC       Finalization
 0001:0003A418       Finalization
 0001:00066604       Finalization
 0001:0003A384       Finalization
 0001:00066814       Finalization
 0001:0007FD6C       Finalization
 0001:00039D28       Finalization
 0001:00099F8C       Finalization
 0001:0007FDCC       Finalization
 0001:0007FE1C       Finalization
 0001:0001904C       Finalization
 0001:000D74C8       Finalization
 0001:00097E88       Finalization
 0001:00080340       Finalization
 0001:000D7908       Finalization
 0001:00018F30       Finalization
 0001:0002F00C       Finalization
 0001:000803A4       Finalization
 0001:0002F04C       Finalization
 0001:000D80CC       Finalization
 0001:0001760C       Finalization
 0001:000803FC       Finalization
 0001:00017250       Finalization
 0001:0009743C       Finalization
 0001:000D8428       Finalization
 0001:000300D4       Finalization
 0001:00080454       Finalization
 0001:0003013C       Finalization
 0001:0009711C       Finalization
 0001:000970D0       Finalization
 0001:000350B0       Finalization
 0001:000350E8       Finalization
 0001:00035120       Finalization
 0001:00035158       Finalization
 0001:00035190       Finalization
 0001:000351D0       Finalization
 0001:00096898       Finalization
 0001:000967B8       Finalization
 0001:00035218       Finalization
 0001:000A4270       Finalization
 0001:000379AC       Finalization
 0001:000A3350       Finalization
 0001:000A31A0       Finalization
 0001:00037958       Finalization
 0001:00006AA8       Finalization
 0001:00006AE0       Finalization
 0001:000A3130       Finalization
 0001:0006972C       Finalization
 0001:00006E70       Finalization
 0001:000DA504       Finalization
 0001:000DA53C       Finalization
 0001:00076474       Finalization
 0001:00004C8C       FinalizeArray
 0001:000032A0       FinalizeUnits
 0001:00053590       Find
 0001:00021DD4       FindAncestor
 0001:0000504C       FindBS
 0001:0008A700       FindButton
 0001:0001B450       FindClass
 0001:00004FD4       FindClassHInstance
 0001:00000384       FindClose
 0001:00000D54       FindCommitted
 0001:0003D5AC       FindControl
 0001:00049A50       FindControlAtPos
 0001:00017158       FindCustomVariantType
 0001:000170A0       FindCustomVariantType
 0001:00066F90       FindDateTimeStep
 0001:0003EF44       FindDragTarget
 0001:0001FCFC       FindExistingComponent
 0001:0000038C       FindFirstFile
 0001:0001B8EC       FindGlobalComponent
 0001:000577B8       FindGlobalComponent
 0002:000039FC       FindGlobalComponentProcs
 0001:00004FAC       FindHInstance
 0001:0001B794       FindIdentToInt
 0001:0001B718       FindIntToIdent
 0002:00003B48       FindMsg
 0001:0001EFE4       FindNestedComponent
 0001:0004F90C       FindPopupControl
 0001:00005E60       FindResource
 0001:00005024       FindResourceHInstance
 0001:00061334       FindScanline
 0001:00057710       FindTopMostWindow
 0001:00020B6C       FindUniqueName
 0001:00015514       FindVarData
 0001:0003EF10       FindVCLWindow
 0001:00006498       FindWindow
 0001:0003AFCC       FindWinHelp
 0001:0002B67C       FixupBitFields
 0002:00000CF0       Flags
 0002:00003850       FLanguages
 0001:00031400       FlatSB
 0002:00003AE8       FlatSB_EnableScrollBar
 0002:00003AF4       FlatSB_GetScrollInfo
 0002:00003AF8       FlatSB_GetScrollPos
 0002:00003AF0       FlatSB_GetScrollRange
 0002:00003B00       FlatSB_SetScrollInfo
 0002:00003AFC       FlatSB_SetScrollPos
 0001:000310F0       FlatSB_SetScrollProp
 0002:00003B04       FlatSB_SetScrollRange
 0002:00003AEC       FlatSB_ShowScrollBar
 0002:00001128       FlatStyles
 0001:00009574       FloatToCurr
 0001:0000AA44       FloatToDateTime
 0001:00009184       FloatToDecimal
 0001:000094C4       FloatToStr
 0001:000095F8       FloatToStrF
 0001:00008BB8       FloatToText
 0001:00008E90       FloatToTextFmt
 0001:00001E34       Flush
 0002:00000188       FMSecsPerDay
 0001:000A8D60       FMTBcd
 0002:000012A0       FMTBcdVariantType
 0001:00008AB4       FmtStr
 0002:00000D08       FocusCount
 0002:00000D04       FocusMessages
 0002:0000080C       FontCharsets
 0002:00003A78       FontManager
 0002:000009A4       ForceCurrentDirectory
 0001:0005778C       ForegroundTask
 0002:00000190       Format
 0001:00008AA0       Format
 0001:000A8C5C       FormatBcd
 0001:0000860C       FormatBuf
 0001:00008600       FormatClearStr
 0001:000096C0       FormatCurr
 0001:00008594       FormatError
 0002:0000016C       FormatErrorStrs
 0001:00009668       FormatFloat
 0001:00097E54       FormatMaskText
 0001:00005E68       FormatMessage
 0001:000A88A4       FormatOneBcd
 0002:0000117C       Formats
 0001:000085EC       FormatVarToStr
 0001:00061B28       Forms
 0001:0009BC14       ForwardMovement
 0001:00002314       FPower10
 0002:00000940       FPrinter
 0001:000A75CC       FractionToStr
 0001:000366D4       Frame3D
 0001:000064A0       FrameRect
 0001:0000D8AC       FreeAndNil
 0001:00000AC0       FreeCommitted
 0001:00000FE0       FreeCurAlloc
 0001:0003F004       FreeDeviceContext
 0001:0003F0C0       FreeDeviceContexts
 0001:00024CC8       FreeIntConstList
 0001:000A2B98       FreeItem
 0001:00000394       FreeLibrary
 0001:00005E70       FreeLibrary
 0001:0002B1D8       FreeMemoryContexts
 0001:00024DFC       FreeObjectInstance
 0001:00005E78       FreeResource
 0001:00000740       FreeSpace
 0001:0000D248       FreeTerminateProcs
 0002:00003CE0       FRichEditModule
 0001:00063F68       FromCenter
 0001:00063E50       FromCorner
 0001:0000D354       GDAL
 0001:000284A0       GDICheck
 0001:000283F8       GDIError
 0001:00005E80       GetACP
 0001:00019030       GetActiveObject
 0001:000064A8       GetActiveWindow
 0001:0009460C       GetAngleSlice
 0001:0005F004       GetAnimation
 0001:00038EBC       GetAveCharSize
 0001:0006E92C       GetAxisSeriesLabel
 0001:0007D74C       GetBitBtnGlyph
 0001:00006128       GetBitmapBits
 0001:00006130       GetBkColor
 0001:00006138       GetBkMode
 0001:000004C0       GetBlockDesc
 0001:00006140       GetBrushOrgEx
 0001:00006944       GetBValue
 0001:000064B0       GetCapture
 0001:0003D854       GetCaptureControl
 0001:000064B8       GetCaretPos
 0001:0001B3FC       GetClass
 0001:000064C0       GetClassInfo
 0001:000064C8       GetClassName
 0001:000064D0       GetClientRect
 0001:000064D8       GetClipboardData
 0001:00029E78       GetClipboardFormats
 0001:00006148       GetClipBox
 0001:0000045C       GetCmdShow
 0001:0004D14C       GetColor
 0001:00083C48       GetComCtlVersion
 0001:0000039C       GetCommandLine
 0001:0000090C       GetCommitted
 0001:0000099C       GetCommittedAt
 0001:000CD3B8       GetComponent
 0001:00022C1C       GetComponentValue
 0001:00005E90       GetComputerName
 0001:00044638       GetControlAtPos
 0001:00009EFC       GetCount
 0001:00005E88       GetCPInfo
 0001:00006150       GetCurrentPositionEx
 0001:00005E98       GetCurrentProcessId
 0001:00000454       GetCurrentThreadId
 0001:00005EA0       GetCurrentThreadId
 0001:000068C8       GetCurrentTime
 0001:000064E0       GetCursor
 0001:00061344       GetCursorHeightMargin
 0001:000064E8       GetCursorPos
 0001:00009F28       GetDate
 0001:00005EA8       GetDateFormat
 0001:0000AC2C       GetDateOrder
 0001:000064F0       GetDC
 0001:000064F8       GetDCEx
 0001:00006158       GetDCOrgEx
 0001:0006721C       GetDefaultColor
 0001:00067098       GetDefaultFontName
 0001:00067038       GetDefaultFontSize
 0001:000783B0       GetDefaultPattern
 0001:0002DDB8       GetDefFontCharSet
 0001:0001C7F4       GetDesigner
 0001:00006500       GetDesktopWindow
 0001:00006170       GetDeviceCaps
 0001:00029400       GetDIB
 0001:00006160       GetDIBColorTable
 0001:00006168       GetDIBits
 0001:00029348       GetDIBSizes
 0001:00028610       GetDInColors
 0001:00005EB0       GetDiskFreeSpaceA
 0002:0000013C       GetDiskFreeSpaceEx
 0001:00006508       GetDlgItem
 0001:0004AD08       GetDockAlign
 0001:0003E200       GetDockSiteAtPos
 0001:00006510       GetDoubleClickTime
 0001:0003E514       GetDropCtl
 0001:00002990       GetDynaMethod
 0001:00006178       GetEnhMetaFileBits
 0001:00006180       GetEnhMetaFileHeader
 0001:00006188       GetEnhMetaFilePaletteEntries
 0001:00017EF4       GetEnumName
 0001:00017FE8       GetEnumNameValue
 0001:00018294       GetEnumProp
 0001:00018034       GetEnumValue
 0001:0000B708       GetEraNamesAndYearOffsets
 0001:0000ACC0       GetEraYearOffset
 0001:00019038       GetErrorInfo
 0001:0000C0D0       GetExceptionClass
 0001:0000C2B4       GetExceptionObject
 0001:0001B384       GetFieldClassTable
 0001:000AE95C       GetFieldProperty
 0001:00029E58       GetFileFormats
 0001:00000324       GetFileSize
 0001:00000314       GetFileType
 0001:00006020       GetFileVersionInfo
 0001:00006028       GetFileVersionInfoSize
 0001:000CABC4       GetFilterStr
 0001:000189BC       GetFloatProp
 0001:00006518       GetFocus
 0001:00026DB8       GetFontData
 0001:00006520       GetForegroundWindow
 0001:000A8B98       GetFormat
 0001:0000CCCC       GetFormatSettings
 0001:000CC590       GetFromDataFactory
 0001:000CC638       GetFromProperty
 0001:00006940       GetGValue
 0001:00026324       GetHashCode
 0001:0005C54C       GetHelpInfo
 0001:0002F4E0       GetHelpSystem
 0001:0005EDE8       GetHint
 0001:0005EE20       GetHintControl
 0001:00054C90       GetHotkey
 0001:00006528       GetIconInfo
 0001:000962FC       GetIDsOfNames
 0001:000D5B8C       GetIdx
 0001:000880AC       GetImageBitmap
 0001:00018DD8       GetInt64Prop
 0001:00018E3C       GetInterfaceProp
 0001:00006540       GetKeyboardLayout
 0001:00006548       GetKeyboardLayoutList
 0001:00006550       GetKeyboardState
 0001:000025FC       GetKeyboardType
 0001:00006530       GetKeyNameText
 0001:00006538       GetKeyState
 0001:00006558       GetLastActivePopup
 0001:00048FD0       GetLastChildZone
 0001:00005EB8       GetLastError
 0001:000003A4       GetLastError
 0001:0000B4CC       GetLocaleChar
 0001:00005EC8       GetLocaleInfo
 0001:000003AC       GetLocaleInfo
 0001:0000B480       GetLocaleStr
 0001:00005EC0       GetLocalTime
 0001:0003D810       GetLongHint
 0001:00018664       GetLongStrProp
 0001:00006190       GetMapMode
 0001:00006560       GetMenu
 0001:0005C4D4       GetMenuHelpContext
 0001:00006568       GetMenuItemCount
 0001:00006570       GetMenuItemID
 0001:00006578       GetMenuItemInfo
 0001:00051DDC       GetMenuSize
 0001:00006580       GetMenuState
 0001:00006588       GetMenuString
 0001:00006590       GetMessageTime
 0001:00018D60       GetMethodProp
 0001:00005ED0       GetModuleFileName
 0001:000003B4       GetModuleFileName
 0001:000003BC       GetModuleHandle
 0001:00005C40       GetModuleHandle
 0001:00005ED8       GetModuleHandle
 0002:00003AB0       GetMonitorInfo
 0002:00003AB4       GetMonitorInfoA
 0002:00003AB8       GetMonitorInfoW
 0001:0000B530       GetMonthDayNames
 0001:00006598       GetNextWindow
 0001:00006198       GetObject
 0001:000C6D78       GetObjectContext
 0002:000015E0       GetObjectContextProc
 0001:00035208       GetOpenFileName
 0001:000181C4       GetOrdProp
 0001:000061A0       GetPaletteEntries
 0001:000065A0       GetParent
 0001:00057984       GetParentForm
 0001:000061A8       GetPixel
 0001:00005EE0       GetProcAddress
 0001:000003C4       GetProcAddress
 0001:00005EE8       GetProfileString
 0001:000065A8       GetProp
 0001:00018098       GetPropInfo
 0001:00017894       GetPropInfo
 0001:00018108       GetPropInfo
 0001:00017874       GetPropInfo
 0001:00018140       GetPropInfos
 0001:000178B4       GetPropValue
 0001:00057E44       GetRealScrollPosition
 0001:0004D12C       GetRGBColor
 0001:000061B0       GetRgnBox
 0001:0000693C       GetRValue
 0001:00035210       GetSaveFileName
 0001:00066FE4       GetScreenLogPixels
 0001:000065B0       GetScrollInfo
 0001:000065B8       GetScrollPos
 0001:000065C0       GetScrollRange
 0001:00018308       GetSetProp
 0001:0003D7CC       GetShortHint
 0001:0001855C       GetShortStrProp
 0001:000185F4       GetShortStrPropAsLongStr
 0001:00000664       GetSpace
 0001:000006C8       GetSpaceAt
 0001:0004F99C       GetSpecialName
 0001:000C6380       GetSQLToken
 0001:000003CC       GetStartupInfo
 0001:000CAAA8       GetStates
 0001:0000032C       GetStdHandle
 0001:00005EF0       GetStdHandle
 0001:000061B8       GetStockObject
 0001:00005EF8       GetStringTypeEx
 0001:00018794       GetStrProp
 0001:000065C8       GetSubMenu
 0001:000065D0       GetSysColor
 0001:00005F00       GetSystemInfo
 0001:000065D8       GetSystemMenu
 0002:00003AA0       GetSystemMetrics
 0001:000065E0       GetSystemMetrics
 0001:000061C0       GetSystemPaletteEntries
 0001:0000031C       GetSystemTime
 0001:000C6B34       GetTableNameFromSQL
 0001:000061C8       GetTextAlign
 0001:000061D8       GetTextExtentPoint
 0001:000061D0       GetTextExtentPoint32
 0001:000061E0       GetTextMetrics
 0001:000003D4       GetThreadLocale
 0001:00005F08       GetThreadLocale
 0001:00005F10       GetTickCount
 0001:00009F60       GetTime
 0001:00005C6C       GetTlsSize
 0001:0005F5D8       GetTopMostWindows
 0001:0003D95C       GetTopParent
 0001:000065E8       GetTopWindow
 0001:00017EE8       GetTypeData
 0001:000CB970       GetUserName
 0001:000A5288       GetValueAndMultiplyOrder
 0001:00015910       GetVarArray
 0001:00015778       GetVarDataArrayInfo
 0001:000045E4       GetVariantManager
 0001:00018CE0       GetVariantProp
 0001:00005F18       GetVersion
 0001:00005F20       GetVersionEx
 0001:00018800       GetWideStrProp
 0001:000186E4       GetWideStrPropAsLongStr
 0001:000065F0       GetWindow
 0001:000065F8       GetWindowDC
 0001:00006600       GetWindowLong
 0001:000061F0       GetWindowOrgEx
 0001:00006608       GetWindowPlacement
 0001:00006610       GetWindowRect
 0001:00006618       GetWindowText
 0001:00006628       GetWindowThreadProcessId
 0001:00006620       GetWindowThreadProcessId
 0001:000061E8       GetWinMetaFileBits
 0001:00005F28       GlobalAddAtom
 0001:00005F30       GlobalAlloc
 0001:000068D4       GlobalAllocPtr
 0001:00005F38       GlobalDeleteAtom
 0001:00005F40       GlobalFindAtom
 0002:00003A00       GlobalFixupList
 0001:0001F12C       GlobalFixupReferences
 0001:00005F48       GlobalFree
 0001:00006900       GlobalFreePtr
 0001:00005F58       GlobalHandle
 0001:00005F50       GlobalLock
 0002:00003D9C       GlobalMalloc
 0002:000039E8       GlobalNameSpace
 0001:00005F60       GlobalReAlloc
 0001:000068E4       GlobalReAllocPtr
 0001:00005F68       GlobalUnlock
 0002:00001064       GlyphCache
 0002:00003928       GOldVariantManager
 0001:0002E27C       Graphics
 0001:0009B5A4       GridRect
 0001:000A3160       Grids
 0001:0001B5AC       GroupDescendentsWith
 0001:00095B8C       GUIDToString
 0002:000005C8       GUID_NULL
 0002:0000387C       GVariantManager
 0002:0000118C       HalfPi
 0001:0000EC50       HandleConversionException
 0001:000203C4       HandleException
 0002:00000014       HeapAllocFlags
 0002:000035C4       heapErrorCode
 0002:000035C8       heapLock
 0001:00030114       HelpIntfs
 0002:00003ADC       HelpManager
 0002:00003B44       HelpMsg
 0002:00003B98       HelpViewer
 0002:00000138       HexDisplayPrefix
 0002:00000978       HideSelections
 0001:0004AD84       HideZone
 0002:00003718       HInstance
 0002:00003C48       HintDoneEvent
 0001:0005EEF0       HintGetMsgHook
 0002:00003C4C       HintHook
 0001:0005EE94       HintMouseThread
 0002:00003C50       HintThread
 0002:00003C44       HintThreadID
 0001:0005EE40       HintTimerProc
 0002:00000D00       HintWindowClass
 0001:000068C4       HiWord
 0001:0005EF34       HookHintHooks
 0001:000069B0       HwndMSWheel
 0002:00000C94       IBreaks
 0002:00000CA0       IChecks
 0002:00000A20       IconIDs
 0002:00000CA8       IDefaults
 0001:00026DA8       IdentToCharset
 0001:00026BA0       IdentToColor
 0001:0003D7BC       IdentToCursor
 0001:0001B810       IdentToInt
 0002:00000CB0       IEnables
 0001:00052B80       IfHotkeyAvailable
 0002:000015F0       IID_IObjectContext
 0001:0002E72C       ImageList_Add
 0001:0002E74C       ImageList_AddIcon
 0001:0002E778       ImageList_BeginDrag
 0001:0002E714       ImageList_Create
 0001:0002E71C       ImageList_Destroy
 0001:0002E788       ImageList_DragEnter
 0001:0002E790       ImageList_DragLeave
 0001:0002E798       ImageList_DragMove
 0001:0002E7A8       ImageList_DragShowNolock
 0001:0002E758       ImageList_Draw
 0001:0002E768       ImageList_DrawEx
 0001:0002E780       ImageList_EndDrag
 0001:0002E744       ImageList_GetBkColor
 0001:0002E7B0       ImageList_GetDragImage
 0001:0002E7C8       ImageList_GetIconSize
 0001:0002E724       ImageList_GetImageCount
 0001:0002E7B8       ImageList_Read
 0001:0002E770       ImageList_Remove
 0001:0002E760       ImageList_Replace
 0001:0002E734       ImageList_ReplaceIcon
 0001:0002E73C       ImageList_SetBkColor
 0001:0002E7A0       ImageList_SetDragCursorImage
 0001:0002E7D0       ImageList_SetIconSize
 0001:0002E7C0       ImageList_Write
 0002:00000C04       Images
 0001:0004EA10       ImgList
 0001:0002F07C       Imm
 0002:00000BE8       IMM32DLL
 0001:0004B974       Imm32IsIME
 0002:0000018C       IMSecsPerDay
 0001:0000ED3C       InBounds
 0001:0000F0E4       InBounds
 0001:0006934C       IncDecMonths
 0001:00068284       InchToPixel
 0001:0009B644       Includes
 0001:0006931C       IncMonths
 0001:0000ED6C       Increment
 0001:0000F114       Increment
 0002:00001250       IncrementAmount
 0001:0006F7CC       InflateAxisPos
 0001:0006F770       InflateAxisRect
 0001:00006630       InflateRect
 0001:000D7938       inheritedregistry
 0001:0007FE64       IniFiles
 0001:00000B4C       InitAllocator
 0001:0002E8C4       InitAnApi
 0002:00003AC8       InitApis
 0001:0002E680       InitComCtl
 0001:00083BF4       InitCommonControl
 0001:0002E678       InitCommonControls
 0001:0002E6E0       InitCommonControlsEx
 0001:00096740       InitComObj
 0001:0001BAB8       InitComponent
 0002:00003634       InitContext
 0001:0004BA10       InitControls
 0001:0002DDFC       InitDefFontData
 0002:00001140       InitDone
 0001:0000D3E4       InitDriveSpacePtr
 0001:0000C390       InitExceptions
 0001:0003114C       InitFlatSB
 0001:00039BD4       InitGlobals
 0001:00029200       InitializeBitmapInfoHeader
 0001:000CF634       InitializeConnection
 0001:000004A0       InitializeCriticalSection
 0001:00005F70       InitializeCriticalSection
 0002:000035C0       initialized
 0001:00031124       InitializeFlatSB
 0001:000CF2DC       InitializeMasterFields
 0001:00005CF8       InitializeModule
 0001:000CF7B8       InitializeRecordset
 0001:0004B614       InitIMM32
 0001:0001BB60       InitInheritedComponent
 0001:0000CAE0       InitLeadBytes
 0001:0002EFA0       InitMultiMonStubs
 0001:000CEE4C       InitParameters
 0001:0000C480       InitPlatformId
 0002:00003044       InitProc
 0001:00061A40       InitProcs
 0001:0002DD80       InitScreenLogPixels
 0001:0000CB58       InitSysLocale
 0001:00005C74       InitThreadTLS
 0001:0008AA80       InitToolMenuHooks
 0001:0008AB80       InitToolMenuKeyHooks
 0001:00003300       InitUnits
 0001:000045C4       InitVariantManager
 0001:0003D4C4       InitWndProc
 0001:000D62E4       InMTSTransaction
 0002:00000B88       InnerStyles
 0002:00000FC0       InnerStyles
 0002:00003050       Input
 0001:0005E918       InsertBefore
 0001:00042F30       InsertBefore
 0001:00000F58       InsertFree
 0001:00052C34       InsertHotkeyFarEastFormat
 0001:00006638       InsertMenu
 0001:00006640       InsertMenuItem
 0002:00003A20       InstBlockList
 0002:00003A24       InstFreeList
 0001:00014380       Int64Compare
 0001:00013B7C       Int64Op
 0001:0001436C       IntCompare
 0002:000039F4       IntConstList
 0001:0000044C       InterlockedDecrement
 0001:0000D44C       InterlockedDecrement
 0001:0000D458       InterlockedExchange
 0001:0000D460       InterlockedExchangeAdd
 0001:0000D440       InterlockedIncrement
 0001:00000444       InterlockedIncrement
 0001:0006C124       InternalCalcLabelsIncrement
 0001:0006BD40       InternalCalcPos
 0001:00001C10       InternalClose
 0001:000262B0       InternalDeletePalette
 0001:00090014       InternalDrawArea
 0001:0006EDB8       InternalDrawLabel
 0001:0006E050       InternalDrawTick
 0001:00001DEC       InternalFlush
 0001:00000DB4       InternalFreeMem
 0001:00029350       InternalGetDIB
 0001:000292E4       InternalGetDIBSizes
 0001:0001B950       InternalReadComponentRes
 0001:000717DC       InternalRemoveDataSource
 0001:0007185C       InternalSetDataSource
 0001:00003AEC       InternalUniqueString
 0001:000061F8       IntersectClipRect
 0001:00006648       IntersectRect
 0001:00013A70       IntOp
 0001:0006EEA4       IntPower
 0001:00007F8C       IntToHex
 0001:0001B850       IntToIdent
 0001:00007F28       IntToStr
 0001:00007F58       IntToStr
 0001:00006650       InvalidateRect
 0001:000A67B0       InvalidBcdString
 0001:00028380       InvalidBitmap
 0001:00028368       InvalidGraphic
 0001:0002838C       InvalidIcon
 0001:00028398       InvalidMetafile
 0001:0009B58C       InvalidOp
 0001:00028350       InvalidOperation
 0001:0001A92C       InvalidPoint
 0002:0000384C       InvalidPointer
 0001:00002848       InvokeImplGetter
 0001:000019DC       IOResult
 0002:00000CD0       IOwnerDraw
 0002:00000CB8       IRadios
 0002:00000CC8       IRTL
 0001:00057914       IsAccel
 0001:00053DE4       IsAccelChar
 0001:000A7864       IsBcdNegative
 0001:000A786C       IsBcdZero
 0001:0003DFB8       IsBeforeTargetWindow
 0001:0008C1E0       IsBlankSysTime
 0001:00006658       IsCharAlpha
 0001:00006660       IsCharAlphaNumeric
 0001:00006668       IsChild
 0001:000C6C90       IsComPlusPlatform
 0002:0000304C       IsConsole
 0001:00022B10       IsDefault
 0001:00022D8C       IsDefault
 0001:000670E4       IsDefaultFont
 0001:00023348       IsDefaultValue
 0001:0002301C       IsDefaultValue
 0001:00022A78       IsDefaultValue
 0001:000229D4       IsDefaultValue
 0001:000228A4       IsDefaultValue
 0001:00023210       IsDefaultValue
 0001:0000C85C       IsDelimiter
 0001:0003E414       IsDelphiHandle
 0001:00006670       IsDialogMessage
 0001:00015D48       IsDynArrayRectangular
 0002:00000CC0       ISeparators
 0001:00018FE0       IsEqualIID
 0001:00006678       IsIconic
 0001:00053E40       IsInitialChar
 0001:00099758       IsKatakana
 0001:000099BC       IsLeapYear
 0002:00003038       IsLibrary
 0001:000CD49C       IsLiteral
 0001:00097ABC       IsLiteralChar
 0001:0008AF88       IsMenuBar
 0002:0000304D       IsMultiThread
 0002:000017A4       IsolationLevelValues
 0001:00048A34       IsOrientationSet
 0001:0000C828       IsPathDelimiter
 0001:00006680       IsRectEmpty
 0001:0007FF60       IsRelative
 0001:0003E1BC       IsSiteChildOfClient
 0001:000A3604       IsSQLTimeStampBlank
 0001:000A3F9C       IsSqlTimeStampValid
 0001:00018194       IsStoredProp
 0001:0008A174       IsToolButtonMouseMsg
 0001:0001B92C       IsUniqueGlobalComponentName
 0002:000039EC       IsUniqueGlobalComponentNameProc
 0001:00007EC4       IsValidIdent
 0001:0000CB40       IsWesternGroup
 0001:00006688       IsWindow
 0001:00006690       IsWindowEnabled
 0001:00006698       IsWindowVisible
 0001:000066A0       IsZoomed
 0001:0004FD68       Iterate
 0001:0004FDC8       IterateMenus
 0002:0000001C       JITEnable
 0001:000578C8       KeyboardStateToShiftState
 0001:0005788C       KeyDataToShiftState
 0001:00057838       KeysToShiftState
 0001:000066A8       KillTimer
 0001:000081E8       LastDelimiter
 0002:00003CF8       LastMenuItem
[...]
 0002:0000137C       FieldTypeNames
 0002:00001414       TypeSizes
 0002:0000143C       Events
 0002:00001440       Values
 0002:00001444       VarTypeMap
 0002:000014DC       BaseFieldTypes
 0002:00001504       AlignStyle
 0002:0000151C       BtnTypeName
 0002:00001544       BtnHintId
 0002:0000156C       SearchTickCount
 0002:00001570       CLSID_DATALINKS
 0002:00001580       CLASS_Connection
 0002:00001590       CLASS_Command
 0002:000015A0       CLASS_Recordset
 0002:000015B0       CLASS_DataSpace
 0002:000015C0       DIID_ConnectionEvents
 0002:000015D0       DIID_RecordsetEvents
 0002:000015E0       GetObjectContextProc
 0002:000015E4       CoGetObjectContextProc
 0002:000015E8       SafeRefProc
 0002:000015EC       MtsProcsLoaded
 0002:000015F0       IID_IObjectContext
 0002:00001600       CommandTypeValues
 0002:00001618       ConnectModeValues
 0002:00001638       ConnectOptionValues
 0002:00001640       CursorLocationValues
 0002:00001648       CursorOptionValues
 0002:0000167C       CursorTypeValues
 0002:00001690       DataTypeValues
 0002:00001728       EventReasonValues
 0002:00001764       EventStatusValues
 0002:00001778       ExecuteOptionValues
 0002:00001788       FilterGroupValues
 0002:000017A4       IsolationLevelValues
 0002:000017C8       LockTypeValues
 0002:000017DC       MarshalOptionValues
 0002:000017E4       ObjectStateValues
 0002:000017F8       ParameterAttributeValues
 0002:00001804       ParameterDirectionValues
 0002:00001818       RecordStatusValues
 0002:00001860       AffectRecordsValues
 0002:00001870       XactAttributeValues
 0002:00001878       ValidDirectionValues
 0002:0000188C       SIsAutoInc
 0002:00001890       RetCodes
 0002:00003000       DispCallByIDProc
 0002:00003004       ExceptProc
 0002:00003008       ErrorProc
 0002:0000300C       ExceptClsProc
 0002:00003010       ExceptObjProc
 0002:00003014       RaiseExceptionProc
 0002:00003018       RTLUnwindProc
 0002:0000301C       ExceptionClass
 0002:00003020       SafeCallErrorProc
 0002:00003024       AssertErrorProc
 0002:00003028       ExitProcessProc
 0002:0000302C       AbstractErrorProc
 0002:00003030       MainInstance
 0002:00003034       MainThreadID
 0002:00003038       IsLibrary
 0002:0000303C       CmdShow
 0002:00003040       CmdLine
 0002:00003044       InitProc
 0002:00003048       ExitProc
 0002:0000304C       IsConsole
 0002:0000304D       IsMultiThread
 0002:0000304E       Test8086
 0002:00003050       Input
 0002:0000321C       Output
 0002:000033E8       ErrOutput
 0002:000035B4       AllocMemCount
 0002:000035B8       AllocMemSize
 0002:000035BC       .5
 0002:000035C0       initialized
 0002:000035C4       heapErrorCode
 0002:000035C8       heapLock
 0002:000035E0       blockDescBlockList
 0002:000035E4       blockDescFreeList
 0002:000035E8       spaceRoot
 0002:000035F8       decommittedRoot
 0002:00003608       avail
 0002:00003614       rover
 0002:00003618       remBytes
 0002:0000361C       curAlloc
 0002:00003620       smallTab
 0002:00003624       committedRoot
 0002:00003634       InitContext
 0002:00003660       VariantManager
 0002:0000370C       ModuleIsLib
 0002:0000370D       ModuleIsCpp
 0002:00003710       TlsIndex
 0002:00003718       HInstance
 0002:0000371C       .1
 0002:00003720       tlsBuffer
 0002:00003724       .1
 0002:00003728       .3
 0002:0000372C       .1
 0002:00003730       .1
 0002:00003734       CurrencyString
 0002:00003738       CurrencyFormat
 0002:00003739       NegCurrFormat
 0002:0000373A       ThousandSeparator
 0002:0000373B       DecimalSeparator
 0002:0000373C       CurrencyDecimals
 0002:0000373D       DateSeparator
 0002:00003740       ShortDateFormat
 0002:00003744       LongDateFormat
 0002:00003748       TimeSeparator
 0002:0000374C       TimeAMString
 0002:00003750       TimePMString
 0002:00003754       ShortTimeFormat
 0002:00003758       LongTimeFormat
 0002:0000375C       ShortMonthNames
 0002:0000378C       LongMonthNames
 0002:000037BC       ShortDayNames
 0002:000037D8       LongDayNames
 0002:000037F4       SysLocale
 0002:00003802       ListSeparator
 0002:00003804       EraNames
 0002:00003820       EraYearOffsets
 0002:0000383C       TrueBoolStrs
 0002:00003840       FalseBoolStrs
 0002:00003844       .94
 0002:00003848       OutOfMemory
 0002:0000384C       InvalidPointer
 0002:00003850       FLanguages
 0002:00003854       .1
 0002:00003858       EmptyParam
 0002:00003868       VarDispProc
 0002:0000386C       ClearAnyProc
 0002:00003870       ChangeAnyProc
 0002:00003874       RefAnyProc
 0002:00003878       .61
 0002:0000387C       GVariantManager
 0002:00003928       GOldVariantManager
 0002:000039D4       LVarTypes
 0002:000039D8       LVarTypeSync
 0002:000039DC       .1
 0002:000039E0       .6
 0002:000039E4       .3
 0002:000039E8       GlobalNameSpace
 0002:000039EC       IsUniqueGlobalComponentNameProc
 0002:000039F0       .35
 0002:000039F4       IntConstList
 0002:000039F8       RegGroups
 0002:000039FC       FindGlobalComponentProcs
 0002:00003A00       GlobalFixupList
 0002:00003A04       ProcPosted
 0002:00003A08       ThreadLock
 0002:00003A20       InstBlockList
 0002:00003A24       InstFreeList
 0002:00003A28       .1
 0002:00003A2C       SystemPalette16
 0002:00003A30       .12
 0002:00003A34       ScreenLogPixels
 0002:00003A38       StockPen
 0002:00003A3C       StockBrush
 0002:00003A40       StockFont
 0002:00003A44       StockIcon
 0002:00003A48       BitmapImageLock
 0002:00003A60       CounterLock
 0002:00003A78       FontManager
 0002:00003A7C       PenManager
 0002:00003A80       BrushManager
 0002:00003A84       CanvasList
 0002:00003A88       PatternManager
 0002:00003A8C       .2
 0002:00003A90       .21
 0002:00003A94       .1
 0002:00003A98       ComCtl32DLL
 0002:00003A9C       _InitCommonControlsEx
 0002:00003AA0       GetSystemMetrics
 0002:00003AA4       MonitorFromWindow
 0002:00003AA8       MonitorFromRect
 0002:00003AAC       MonitorFromPoint
 0002:00003AB0       GetMonitorInfo
 0002:00003AB4       GetMonitorInfoA
 0002:00003AB8       GetMonitorInfoW
 0002:00003ABC       EnumDisplayMonitors
 0002:00003AC0       .1
 0002:00003AC4       User32Dll
 0002:00003AC8       InitApis
 0002:00003AD0       MMAvailable
 0002:00003AD4       .1
 0002:00003AD8       .2
 0002:00003ADC       HelpManager
 0002:00003AE0       .3
 0002:00003AE4       .3
 0002:00003AE8       FlatSB_EnableScrollBar
 0002:00003AEC       FlatSB_ShowScrollBar
 0002:00003AF0       FlatSB_GetScrollRange
 0002:00003AF4       FlatSB_GetScrollInfo
 0002:00003AF8       FlatSB_GetScrollPos
 0002:00003AFC       FlatSB_SetScrollPos
 0002:00003B00       FlatSB_SetScrollInfo
 0002:00003B04       FlatSB_SetScrollRange
 0002:00003B08       .1
 0002:00003B0C       _FlatSB_GetScrollProp
 0002:00003B10       _FlatSB_SetScrollProp
 0002:00003B14       _InitializeFlatSB
 0002:00003B18       _UninitializeFlatSB
 0002:00003B1C       .42
 0002:00003B20       .1
 0002:00003B24       .1
 0002:00003B28       .1
 0002:00003B2C       .1
 0002:00003B30       .1
 0002:00003B34       .1
 0002:00003B38       .12
 0002:00003B3C       .1
 0002:00003B40       .01
 0002:00003B44       HelpMsg
 0002:00003B48       FindMsg
 0002:00003B4C       ButtonWidths
 0002:00003B78       CF_PICTURE
 0002:00003B7A       CF_COMPONENT
 0002:00003B7C       .2
 0002:00003B80       FClipboard
 0002:00003B84       .1
 0002:00003B88       .63
 0002:00003B8C       WinHelpTester
 0002:00003B90       ViewerName
 0002:00003B94       .1
 0002:00003B98       HelpViewer
 0002:00003B9C       Mouse
 0002:00003BA0       NewStyleControls
 0002:00003BA4       .72
 0002:00003BA8       WindowAtom
 0002:00003BAA       ControlAtom
 0002:00003BAC       WindowAtomString
 0002:00003BB0       ControlAtomString
 0002:00003BB4       RM_GetObjectInstance
 0002:00003BB8       DragControl
 0002:00003BBC       DragObject
 0002:00003BC0       DragInternalObject
 0002:00003BC4       DragCapture
 0002:00003BC8       DragStartPos
 0002:00003BD0       DragSaveCursor
 0002:00003BD4       DragThreshold
 0002:00003BD8       ActiveDrag
 0002:00003BDC       DragImageList
 0002:00003BE0       DockSiteList
 0002:00003BE4       QualifyingSites
 0002:00003BE8       DragSave
 0002:00003BEC       CanvasList
 0002:00003BF0       _WINNLSEnableIME
 0002:00003BF4       _ImmGetContext
 0002:00003BF8       _ImmReleaseContext
 0002:00003BFC       _ImmGetConversionStatus
 0002:00003C00       _ImmSetConversionStatus
 0002:00003C04       _ImmSetOpenStatus
 0002:00003C08       _ImmSetCompositionWindow
 0002:00003C0C       _ImmSetCompositionFont
 0002:00003C10       _ImmGetCompositionString
 0002:00003C14       _ImmIsIME
 0002:00003C18       _ImmNotifyIME
 0002:00003C1C       .8
 0002:00003C20       .3
 0002:00003C24       PopupList
 0002:00003C28       ShortCutItems
 0002:00003C2C       .9
 0002:00003C30       CommandPool
 0002:00003C34       Application
 0002:00003C38       Screen
 0002:00003C3C       .41
 0002:00003C40       RM_TaskbarCreated
 0002:00003C44       HintThreadID
 0002:00003C48       HintDoneEvent
 0002:00003C4C       HintHook
 0002:00003C50       HintThread
 0002:00003C54       .11
 0002:00003C58       .1
 0002:00003C5C       .9
 0002:00003C60       .71
 0002:00003C64       .01
 0002:00003C68       AnimatedZoomFactor
 0002:00003C70       TeeZoomMouseButton
 0002:00003C71       TeeScrollMouseButton
 0002:00003C72       TeeZoomKeyShift
 0002:00003C73       TeeScrollKeyShift
 0002:00003C74       TeeSeriesTypes
 0002:00003C78       .31
 0002:00003C7C       .1
 0002:00003C80       .4
 0002:00003C84       .1
 0002:00003C88       .4
 0002:00003C8C       BitBtnGlyphs
 0002:00003CB8       .3
 0002:00003CBC       .8
 0002:00003CC0       .5
 0002:00003CC4       .1
 0002:00003CC8       .72
 0002:00003CCC       UrlMonHandle
 0002:00003CD0       UrlMonInitialized
 0002:00003CD4       .8
 0002:00003CD8       .36
 0002:00003CDC       ShellModule
 0002:00003CE0       FRichEditModule
 0002:00003CE4       ComCtlVersion
 0002:00003CE8       ToolMenuHook
 0002:00003CEC       MenuToolBar
 0002:00003CF0       MenuToolBar2
 0002:00003CF4       MenuButtonIndex
 0002:00003CF8       LastMenuItem
 0002:00003CFC       LastMousePos
 0002:00003D04       StillModal
 0002:00003D08       ToolMenuKeyHook
 0002:00003D0C       .61
 0002:00003D10       .1
 0002:00003D14       .41
 0002:00003D18       OleUninitializing
 0002:00003D1C       ComClassManagerVar
 0002:00003D20       SaveInitProc
 0002:00003D24       NeedToUninitialize
 0002:00003D28       .1
 0002:00003D2C       .3
 0002:00003D30       .1
 0002:00003D34       .3
 0002:00003D38       .2
 0002:00003D3C       .5
 0002:00003D40       .11
 0002:00003D44       .1
 0002:00003D48       .1
 0002:00003D4C       .1
 0002:00003D50       .3
 0002:00003D54       LoginDialogProc
 0002:00003D58       LoginDialogExProc
 0002:00003D5C       RemoteLoginDialogProc
 0002:00003D60       ScreenCursorProc
 0002:00003D64       PasswordDialog
 0002:00003D68       DBScreen
 0002:00003D6C       DBApplication
 0002:00003D70       .36
 0002:00003D74       .1
 0002:00003D78       .2
 0002:00003D7C       .2
 0002:00003D80       .22
 0002:00003D84       .1
 0002:00003D88       .5
 0002:00003D8C       .3
 0002:00003D90       .1
 0002:00003D94       .1
 0002:00003D98       .31
 0002:00003D9C       GlobalMalloc
 0002:00003DA0       .2
 0002:00003DA4       .2
 0002:00003DA8       .2
 0002:00003DAC       CompatBioForm
 0002:00003DB0       .2


Line numbers for biocalc_TLB(biocalc_TLB.pas) segment .text

   301 0001:00097268   302 0001:00097270   307 0001:00097274   308 0001:0009728A
   310 0001:00097290   311 0001:0009729A   313 0001:000972C7   322 0001:000972DC
   323 0001:000972DF   325 0001:000972E5   327 0001:000972ED   330 0001:000972F0
   331 0001:000972F6   332 0001:000972FC   333 0001:00097303   334 0001:0009731D
   335 0001:00097327   338 0001:000973DC   339 0001:000973EE   343 0001:0009740E
   346 0001:00097414   350 0001:0009741F   351 0001:00097436   571 0001:0009746C
   571 0001:00097473

Line numbers for inheritedregistry(inheritedregistry.pas) segment .text

    28 0001:000D75F0    29 0001:000D761F    30 0001:000D762A    31 0001:000D7637
    32 0001:000D7674    37 0001:000D76B0    38 0001:000D76C8    39 0001:000D76D6
    40 0001:000D76F4    42 0001:000D76F8    43 0001:000D76FF    45 0001:000D7705
    46 0001:000D7709    47 0001:000D7731    50 0001:000D7748    51 0001:000D776C
    52 0001:000D777A    53 0001:000D7780    54 0001:000D779D    55 0001:000D77A8
    57 0001:000D77C2    58 0001:000D77DD    60 0001:000D77FA    62 0001:000D7820
    67 0001:000D7850    68 0001:000D7884    69 0001:000D7892    70 0001:000D789F
    71 0001:000D78A5    73 0001:000D78B2    75 0001:000D78CC    77 0001:000D78FE
   115 0001:000D7938   115 0001:000D793F

Line numbers for DBConfig(DBConfig.pas) segment .text

    43 0001:000D79C0    44 0001:000D7A00    45 0001:000D7A11    47 0001:000D7A29
    48 0001:000D7A3B    49 0001:000D7A72    50 0001:000D7A84    51 0001:000D7A8A
    53 0001:000D7A99    54 0001:000D7AA4    55 0001:000D7AEA    58 0001:000D7AF6
    59 0001:000D7B08    60 0001:000D7B3F    61 0001:000D7B51    63 0001:000D7B7D
    65 0001:000D7B95    66 0001:000D7B9B    68 0001:000D7BAA    69 0001:000D7BBA
    70 0001:000D7BDE    71 0001:000D7C04    72 0001:000D7C4E    75 0001:000D7C57
    76 0001:000D7C83    77 0001:000D7C90    79 0001:000D7CF9    82 0001:000D800C
    83 0001:000D8025    84 0001:000D8050    86 0001:000D805F    87 0001:000D8093
    90 0001:000D80A4    91 0001:000D80AA    92 0001:000D80B4    95 0001:000D80B8
    96 0001:000D80BE    97 0001:000D80C8   111 0001:000D80FC   111 0001:000D8103

Line numbers for dbmaint(dbmaint.pas) segment .text

    40 0001:000D834C    41 0001:000D8367    42 0001:000D837A    43 0001:000D839D
    44 0001:000D83C0    45 0001:000D83CD    46 0001:000D840D    48 0001:000D8458
    48 0001:000D845F

Line numbers for compatbiochart(compatbiochart.pas) segment .text

    95 0001:000D8980    96 0001:000D899C    97 0001:000D89AF    98 0001:000D89BC
    99 0001:000D89DF   100 0001:000D8A02   101 0001:000D8A0F   102 0001:000D8A1A
   103 0001:000D8A36   104 0001:000D8A4E   105 0001:000D8A68   106 0001:000D8A75
   107 0001:000D8A85   108 0001:000D8A9B   109 0001:000D8AAB   110 0001:000D8ABE
   111 0001:000D8AD1   113 0001:000D8AE7   114 0001:000D8B01   115 0001:000D8B0E
   116 0001:000D8B1E   117 0001:000D8B34   118 0001:000D8B44   119 0001:000D8B57
   120 0001:000D8B6A   122 0001:000D8B80   123 0001:000D8B9A   124 0001:000D8BA7
   125 0001:000D8BB7   126 0001:000D8BCD   127 0001:000D8BDD   128 0001:000D8BF0
   129 0001:000D8C03   131 0001:000D8C19   132 0001:000D8C33   133 0001:000D8C40
   134 0001:000D8C50   135 0001:000D8C66   136 0001:000D8C76   137 0001:000D8C89
   138 0001:000D8C9C   140 0001:000D8CB2   141 0001:000D8CCC   142 0001:000D8CD9
   143 0001:000D8CE9   144 0001:000D8CFF   145 0001:000D8D0F   146 0001:000D8D22
   147 0001:000D8D35   149 0001:000D8D4B   150 0001:000D8D65   151 0001:000D8D72
   152 0001:000D8D82   153 0001:000D8D98   154 0001:000D8DA8   155 0001:000D8DBB
   156 0001:000D8DCE   158 0001:000D8DE4   159 0001:000D8DFE   160 0001:000D8E0B
   161 0001:000D8E1B   162 0001:000D8E31   163 0001:000D8E41   164 0001:000D8E54
   165 0001:000D8E67   167 0001:000D8E7D   168 0001:000D8E97   169 0001:000D8EA4
   170 0001:000D8EB4   171 0001:000D8ECA   172 0001:000D8EDA   173 0001:000D8EED
   174 0001:000D8F00   176 0001:000D8F53   179 0001:000D9078   180 0001:000D907B
   181 0001:000D908C   182 0001:000D90A3   183 0001:000D90BA   184 0001:000D90D1
   185 0001:000D90E8   186 0001:000D90FF   187 0001:000D9116   188 0001:000D912D
   189 0001:000D9144   196 0001:000D91F8   197 0001:000D921A   198 0001:000D9248
   199 0001:000D926B   200 0001:000D928E   201 0001:000D929F   203 0001:000D92A5
   204 0001:000D92D9   205 0001:000D92E0   206 0001:000D92E9   208 0001:000D92EF
   209 0001:000D92F3   211 0001:000D92FA   213 0001:000D9304   215 0001:000D930A
   216 0001:000D9316   217 0001:000D9327   218 0001:000D9333   219 0001:000D9373
   220 0001:000D93A7   221 0001:000D93B0   222 0001:000D93B7   225 0001:000D93C3
   227 0001:000D93C9   228 0001:000D93D5   229 0001:000D93E6   230 0001:000D93F2
   231 0001:000D9432   232 0001:000D9466   233 0001:000D946F   234 0001:000D9476
   238 0001:000D947D   239 0001:000D948B   240 0001:000D9499   241 0001:000D94A7
   242 0001:000D94B5   243 0001:000D94C9   244 0001:000D94E2   245 0001:000D953E
   247 0001:000D95E0   248 0001:000D9616   250 0001:000D9645   251 0001:000D9668
   252 0001:000D967D   253 0001:000D96A4   254 0001:000D96EB   255 0001:000D9732
   256 0001:000D9779   257 0001:000D97C0   258 0001:000D9813   259 0001:000D9866
   260 0001:000D98B9   261 0001:000D990C   248 0001:000D990D   262 0001:000D9916
   263 0001:000D9923   264 0001:000D9930   265 0001:000D993D   270 0001:000D994A
   272 0001:000D9950   273 0001:000D9990   274 0001:000D9997   275 0001:000D99A0
   277 0001:000D99A6   278 0001:000D99AA   280 0001:000D99B1   282 0001:000D99BB
   284 0001:000D99C1   285 0001:000D99CD   286 0001:000D99DE   287 0001:000D99EA
   288 0001:000D9A36   289 0001:000D9A76   290 0001:000D9A7F   291 0001:000D9A86
   295 0001:000D9A92   297 0001:000D9A98   298 0001:000D9AA4   299 0001:000D9AB5
   300 0001:000D9AC1   301 0001:000D9B0D   302 0001:000D9B4D   303 0001:000D9B56
   304 0001:000D9B5D   307 0001:000D9B64   308 0001:000D9B72   309 0001:000D9B80
   310 0001:000D9B8E   311 0001:000D9B9C   313 0001:000D9BCB   314 0001:000D9BE0
   315 0001:000D9C27   316 0001:000D9C6E   317 0001:000D9CB5   318 0001:000D9CFC
   319 0001:000D9D4F   320 0001:000D9DA2   321 0001:000D9DF5   322 0001:000D9E48
   311 0001:000D9E49   323 0001:000D9E52   324 0001:000D9E5F   325 0001:000D9E6C
   326 0001:000D9E79   327 0001:000DA049   331 0001:000DA1AC   332 0001:000DA1AF
   333 0001:000DA1C3   335 0001:000DA1D2   336 0001:000DA1DF   337 0001:000DA1F3
   339 0001:000DA202   340 0001:000DA20F   341 0001:000DA22D   342 0001:000DA234
   347 0001:000DA238   348 0001:000DA24A   349 0001:000DA24D   353 0001:000DA250
   354 0001:000DA267   356 0001:000DA27B   358 0001:000DA281   360 0001:000DA28C
   364 0001:000DA2C1   368 0001:000DA2C8   369 0001:000DA2D4   375 0001:000DA2D8
   380 0001:000DA2DC   383 0001:000DA2E0   384 0001:000DA2FB   385 0001:000DA312
   387 0001:000DA318   388 0001:000DA347   389 0001:000DA34E   390 0001:000DA357
   391 0001:000DA37A   393 0001:000DA39E   397 0001:000DA3C8   398 0001:000DA3DC
   399 0001:000DA3E7   402 0001:000DA3E8   403 0001:000DA3E9   405 0001:000DA3FF
   406 0001:000DA409   407 0001:000DA410   409 0001:000DA417   413 0001:000DA41C
   414 0001:000DA437   415 0001:000DA44E   417 0001:000DA454   418 0001:000DA483
   419 0001:000DA48A   420 0001:000DA493   421 0001:000DA4B6   423 0001:000DA4DA
   425 0001:000DA534   425 0001:000DA53B

Line numbers for compatbio(C:\cjnoyessw\compatbio.dpr) segment .text

    13 0001:000DA83C    14 0001:000DA84C    15 0001:000DA858    16 0001:000DA870
    17 0001:000DA87C

Bound resource files

c:\program files\borland\delphi6\Lib\CONTROLS.RES
c:\program files\borland\delphi6\Lib\TEERESOU.RES
c:\program files\borland\delphi6\Lib\BUTTONS.RES
c:\program files\borland\delphi6\Lib\EXTDLGS.RES
c:\program files\borland\delphi6\Lib\DBLogDlg.dfm
c:\program files\borland\delphi6\Lib\DBPWDlg.dfm
c:\program files\borland\delphi6\Lib\DBCTRLS.RES
dbmaint.dfm
compatbiochart.dfm
compatbio.res
compatbio.drf


Program entry point at 0001:000DA83C
