GENDER    1 REPORT.SYM GLOBAL Gender Strings
COTRANS   1 REPORT.SYM COTRANS Composite Transits Report
AS5TEXT   2 TEXT.SYM COMPAHSE Compatibility Houses Text
CHHEAD    1 REPORT.SYM GLOBAL Chart Headings
RETURN    1 REPORT.SYM RETURN Solar and Lunar Return Report
FAMOUS    0 TEXT.SYM FAMOUS Famous People's Sun Signs
ASPECTS   0 TEXT.SYM ASPECTS Aspects Help
COMPAT    1 REPORT.SYM COMPAT Compatibility Report
COSUMMR   1 REPORT.SYM COSUMMR Compatibility Summary Report
PROBLEM   1 REPORT.SYM PROBLEM Problem Report
PROGRESS  1 REPORT.SYM PROGRESS Progress Report
NATAL     1 REPORT.SYM NATAL Natal Report
ARABNAM   1 REPORT.SYM ARABIC Arabic Name Strings
TRANSITR  1 REPORT.SYM TRANSITR Transits Report
FIXEDST   1 REPORT.SYM FIXEDST Fixed Star Report
FIXDNAMS  1 REPORT.SYM FIXEDST Fixed Star Name Strings
ARABIC    1 REPORT.SYM ARABIC Arabic Report
NUMERIC   1 REPORT.SYM NUMERIC Numeric Report
PROBRES   1 REPORT.SYM PROBLEM Problem Results Strings
COMPOS    1 REPORT.SYM COMPOS Composite Report
HELIO     1 REPORT.SYM HELIO Helio Report
SUMMARY   1 REPORT.SYM SUMMARY Summary Report
AS3ATEXT  3 TEXT.SYM ASPECTS Aspects Text
AS3BTEXT  2 TEXT.SYM SUMMARY Summary Text
STRING    1 REPORT.SYM STRING General Strings
TRANSAFT  1 REPORT.SYM TRANSITR;COTRANS Transit Affects Strings
AS3CTEXT  3 TEXT.SYM ASPECTS Aspects Text
AS1TEXT   2 TEXT.SYM PLANETS Planets Text
MONTHSTR  1 REPORT.SYM GLOBAL Month Name Strings
PLASIGNI  0 TEXT.SYM PLASIGNI Planet Significance Help
COMPATAB  0 TEXT.SYM COMPTAB Compatibility Help
AS10TEXT  2 TEXT.SYM PLANETS Decanates Text
AS12TEXT  2 TEXT.SYM PLANETS Angles Text
AS11TEXT  2 TEXT.SYM SIGHOUSE House Text
AS2TEXT   2 TEXT.SYM HOUSES House Text
AS6TEXT   2 TEXT.SYM COMPASUM Compatibility Summary Text
AS13TEXT  2 TEXT.SYM COMPASUM Compatibility Summary Text
AS7TEXT   2 TEXT.SYM TRANSHSE Transiting General Text
AS9TEXT   2 TEXT.SYM TRANSHSE Transiting Houses Text
AS8TEXT   3 TEXT.SYM TRANSASP Transiting Aspects Text
RETROGRD  0 TEXT.SYM RETROGRD Retrograde Planets Help
TRANSITS  0 TEXT.SYM TRANSITS Transits Houses Help
HOUSES    0 TEXT.SYM HOUSES Houses Help
RISING    0 TEXT.SYM RISING Ascendant Help
SCOUTPL   0 TEXT.SYM SCOUTPL Scout Planet Help
AS14TEXT  3 TEXT.SYM PROGRASP Progressed Aspects
AS15TEXT  3 TEXT.SYM PROGRASP Progressed Aspects
PLANETS   0 TEXT.SYM PLANETS Help File on the Planets
AS16TEXT  3 TEXT.SYM COMPTASP Compatability Aspects
AS17TEXT  3 TEXT.SYM COMPTASP Compatability Aspects
AS18TEXT  3 TEXT.SYM MIDPSIN Midpoint Sign Text
AS19TEXT  3 TEXT.SYM MIDPSIN Midpoint Sign Text
SOLAR     1 REPORT.SYM SOLAR Solar report
HARMONIC  1 REPORT.SYM HARMONIC Harmonic Report
